03-14 13:41:49.439  1385  1389 E vold    : Failed to chmod /data/media/0: No such file or directory
03-14 13:41:49.454  1385  1387 V vold    : DISK mbr
03-14 13:41:49.454  1385  1387 V vold    : 
03-14 13:41:49.455  1385  1387 W vold    : disk:253,80 has unknown partition table; trying entire device
03-14 13:41:49.455  1385  1387 V vold    : /system/bin/blkid
03-14 13:41:49.455  1385  1387 V vold    :     -c
03-14 13:41:49.455  1385  1387 V vold    :     /dev/null
03-14 13:41:49.455  1385  1387 V vold    :     -s
03-14 13:41:49.455  1385  1387 V vold    :     TYPE
03-14 13:41:49.455  1385  1387 V vold    :     -s
03-14 13:41:49.455  1385  1387 V vold    :     UUID
03-14 13:41:49.455  1385  1387 V vold    :     -s
03-14 13:41:49.455  1385  1387 V vold    :     LABEL
03-14 13:41:49.455  1385  1387 V vold    :     /dev/block/vold/disk:253,80
03-14 13:41:49.457  1423  1423 I /system/bin/tzdatacheck: timezone distro dir /data/misc/zoneinfo/current does not exist. No action required.
03-14 13:41:49.465  1385  1387 V vold    : /dev/block/vold/disk:253,80: LABEL="SDCARD" UUID="0EF1-0808" TYPE="vfat" 
03-14 13:41:49.465  1385  1387 V vold    : 
03-14 13:41:49.499  1426  1426 I ServiceManagement: Removing namespace from process name android.hidl.allocator@1.0-service to allocator@1.0-s.
03-14 13:41:49.517  1430  1430 W /vendor/bin/hw/android.hardware.configstore@1.0-service: Could not find seccomp policy file at: /vendor/etc/seccomp_policy/configstore@1.0.policy
03-14 13:41:49.517  1430  1430 I ServiceManagement: Removing namespace from process name android.hardware.configstore@1.0-service to configstore@1.0.
03-14 13:41:49.554  1437  1437 D vndksupport: Loading /vendor/lib/hw/android.hardware.power@1.0-impl.so from current namespace instead of sphal namespace.
03-14 13:41:49.556  1429  1429 D android.hardware.cas@1.0-service: android.hardware.cas@1.0-service starting...
03-14 13:41:49.556  1429  1429 I ServiceManagement: Removing namespace from process name android.hardware.cas@1.0-service to cas@1.0-service.
03-14 13:41:49.557  1433  1433 D vndksupport: Loading /vendor/lib/hw/android.hardware.gatekeeper@1.0-impl.so from current namespace instead of sphal namespace.
03-14 13:41:49.558  1433  1433 D vndksupport: Loading /vendor/lib/hw/gatekeeper.ranchu.so from current namespace instead of sphal namespace.
03-14 13:41:49.564  1433  1433 E GoldfishGatekeeper: called goldfish_gatekeeper_open with gate keeper 0xb659c188 device 0xb640e088
03-14 13:41:49.564  1433  1433 I ServiceManagement: Removing namespace from process name android.hardware.gatekeeper@1.0-service to gatekeeper@1.0-.
03-14 13:41:49.565  1433  1433 I android.hardware.gatekeeper@1.0-service: Registration complete for android.hardware.gatekeeper@1.0::IGatekeeper/default.
03-14 13:41:49.566  1435  1435 D vndksupport: Loading /vendor/lib/hw/android.hardware.graphics.allocator@2.0-impl.so from current namespace instead of sphal namespace.
03-14 13:41:49.567  1428  1428 I android.hardware.camera.provider@2.4-service: Camera provider Service is starting.
03-14 13:41:49.569  1428  1428 D vndksupport: Loading /vendor/lib/hw/android.hardware.camera.provider@2.4-impl.so from current namespace instead of sphal namespace.
03-14 13:41:49.570  1438  1438 D vndksupport: Loading /vendor/lib/hw/android.hardware.sensors@1.0-impl.so from current namespace instead of sphal namespace.
03-14 13:41:49.572  1437  1437 D vndksupport: Loading /vendor/lib/hw/power.ranchu.so from current namespace instead of sphal namespace.
03-14 13:41:49.574  1436  1436 D vndksupport: Loading /vendor/lib/hw/android.hardware.graphics.composer@2.1-impl.so from current namespace instead of sphal namespace.
03-14 13:41:49.575  1442  1442 I qemu-props: connected to 'boot-properties' qemud service.
03-14 13:41:49.575  1442  1442 I qemu-props: receiving..
03-14 13:41:49.575  1442  1442 I qemu-props: received: qemu.cmdline=androidboot.logcat=v:* androidboot.consolepipe=qemu_pipe,pipe:logcat
03-14 13:41:49.578  1438  1438 D vndksupport: Loading /vendor/lib/hw/sensors.ranchu.so from current namespace instead of sphal namespace.
03-14 13:41:49.580  1436  1436 D vndksupport: Loading /vendor/lib/hw/hwcomposer.ranchu.so from current namespace instead of sphal namespace.
03-14 13:41:49.581  1376  1376 W /system/bin/hwservicemanager: getTransport: Cannot find entry android.hardware.health@1.0::IHealth/default in either framework or device manifest.
03-14 13:41:49.581  1437  1437 I ServiceManagement: Removing namespace from process name android.hardware.power@1.0-service to power@1.0-servi.
03-14 13:41:49.582  1437  1437 I android.hardware.power@1.0-service: Registration complete for android.hardware.power@1.0::IPower/default.
03-14 13:41:49.589  1442  1442 I qemu-props: receiving..
03-14 13:41:49.590  1438  1438 I ServiceManagement: Removing namespace from process name android.hardware.sensors@1.0-service to sensors@1.0-ser.
03-14 13:41:49.590  1442  1442 I qemu-props: received: qemu.logcat=start
03-14 13:41:49.591  1438  1438 I android.hardware.sensors@1.0-service: Registration complete for android.hardware.sensors@1.0::ISensors/default.
03-14 13:41:49.596  1436  1436 D vndksupport: Loading /vendor/lib/hw/gralloc.ranchu.so from current namespace instead of sphal namespace.
03-14 13:41:49.599  1442  1442 I qemu-props: receiving..
03-14 13:41:49.599  1442  1442 I qemu-props: received: ro.opengles.version=196608
03-14 13:41:49.600  1434  1434 D vndksupport: Loading /vendor/lib/hw/android.hardware.gnss@1.0-impl.so from current namespace instead of sphal namespace.
03-14 13:41:49.601  1435  1435 D vndksupport: Loading /vendor/lib/hw/gralloc.ranchu.so from current namespace instead of sphal namespace.
03-14 13:41:49.603  1442  1442 W libc    : Unable to set property "ro.opengles.version" to "196608": error code: 0x18
03-14 13:41:49.603  1442  1442 I qemu-props: could not set property 'ro.opengles.version' to '196608'
03-14 13:41:49.603  1442  1442 I qemu-props: receiving..
03-14 13:41:49.603  1442  1442 I qemu-props: received: qemu.sf.fake_camera=front
03-14 13:41:49.605  1434  1434 D vndksupport: Loading /vendor/lib/hw/gps.ranchu.so from current namespace instead of sphal namespace.
03-14 13:41:49.607  1434  1434 I ServiceManagement: Removing namespace from process name android.hardware.gnss@1.0-service to gnss@1.0-servic.
03-14 13:41:49.607  1431  1431 D android.hardware.drm@1.0-service: android.hardware.drm@1.0-service starting...
03-14 13:41:49.608  1431  1431 D vndksupport: Loading /vendor/lib/hw/android.hardware.drm@1.0-impl.so from current namespace instead of sphal namespace.
03-14 13:41:49.609  1436  1436 D         : HostConnection::get() New Host Connection established 0xb5ca3900, tid 1436
03-14 13:41:49.610  1434  1434 I android.hardware.gnss@1.0-service: Registration complete for android.hardware.gnss@1.0::IGnss/default.
03-14 13:41:49.612  1442  1442 I qemu-props: receiving..
03-14 13:41:49.612  1442  1442 I qemu-props: received: qemu.adb.secure=1
03-14 13:41:49.613  1436  1436 I HwcPassthrough: Found HWC implementation v1.1
03-14 13:41:49.613  1436  1436 E hwcomposer: unknown display attribute 6
03-14 13:41:49.614  1436  1436 I ServiceManagement: Removing namespace from process name android.hardware.graphics.composer@2.1-service to composer@2.1-se.
03-14 13:41:49.614  1442  1442 I qemu-props: receiving..
03-14 13:41:49.614  1442  1442 I qemu-props: received: dalvik.vm.heapsize=384m
03-14 13:41:49.614  1436  1436 I android.hardware.graphics.composer@2.1-service: Registration complete for android.hardware.graphics.composer@2.1::IComposer/default.
03-14 13:41:49.615  1442  1442 I qemu-props: receiving..
03-14 13:41:49.615  1442  1442 I qemu-props: received: qemu.hw.mainkeys=0
03-14 13:41:49.616  1442  1442 I qemu-props: receiving..
03-14 13:41:49.616  1442  1442 I qemu-props: received: qemu.sf.lcd_density=480
03-14 13:41:49.618  1442  1442 I qemu-props: receiving..
03-14 13:41:49.618  1442  1442 I qemu-props: received: qemu.timezone=America/New_York
03-14 13:41:49.622  1435  1435 D         : HostConnection::get() New Host Connection established 0xad223480, tid 1435
03-14 13:41:49.622  1435  1435 I ServiceManagement: Removing namespace from process name android.hardware.graphics.allocator@2.0-service to allocator@2.0-s.
03-14 13:41:49.622  1442  1442 I qemu-props: receiving..
03-14 13:41:49.622  1435  1435 I android.hardware.graphics.allocator@2.0-service: Registration complete for android.hardware.graphics.allocator@2.0::IAllocator/default.
03-14 13:41:49.627  1385  1389 D VoldCryptCmdListener: cryptfs mountdefaultencrypted
03-14 13:41:49.632  1376  1376 W /system/bin/hwservicemanager: getTransport: Cannot find entry android.hardware.thermal@1.1::IThermal/default in either framework or device manifest.
03-14 13:41:49.632  1385  1454 I Cryptfs : cryptfs_check_passwd
03-14 13:41:49.632  1448  1448 W thermalserviced: Unable to get Thermal HAL V1.1, vendor thermal event notification not available
03-14 13:41:49.633  1385  1454 D Cryptfs : crypt_ftr-&gt;fs_size = 12582912
03-14 13:41:49.633  1385  1454 I Cryptfs : Using scrypt with keymaster for cryptfs KDF
03-14 13:41:49.648  1428  1428 D vndksupport: Loading /vendor/lib/hw/camera.ranchu.so from current namespace instead of sphal namespace.
03-14 13:41:49.658  1443  1443 I boot-pipe: done populating /dev/random
03-14 13:41:49.662  1432  1432 D android.hardware.drm@1.0-service.widevine: android.hardware.drm@1.0-service.widevine starting...
03-14 13:41:49.662  1432  1432 I ServiceManagement: Removing namespace from process name android.hardware.drm@1.0-service.widevine to drm@1.0-service.
03-14 13:41:49.663  1432  1432 I ServiceManagement: Removing namespace from process name android.hardware.drm@1.0-service.widevine to drm@1.0-service.
03-14 13:41:49.664  1431  1431 I ServiceManagement: Removing namespace from process name android.hardware.drm@1.0-service to drm@1.0-service.
03-14 13:41:49.665  1431  1431 I android.hardware.drm@1.0-service: Registration complete for android.hardware.drm@1.0::IDrmFactory/default.
03-14 13:41:49.666  1431  1431 D vndksupport: Loading /vendor/lib/hw/android.hardware.drm@1.0-impl.so from current namespace instead of sphal namespace.
03-14 13:41:49.667  1431  1431 I ServiceManagement: Removing namespace from process name android.hardware.drm@1.0-service to drm@1.0-service.
03-14 13:41:49.667  1431  1431 I android.hardware.drm@1.0-service: Registration complete for android.hardware.drm@1.0::ICryptoFactory/default.
03-14 13:41:49.683  1444  1444 I lowmemorykiller: Using in-kernel low memory killer interface
03-14 13:41:49.693  1439  1439 I android.hardware.wifi@1.0-service: Wifi Hal is booting up...
03-14 13:41:49.697  1428  1428 D EmulatedCamera_QemuClient: Emulated camera list: name=virtualscene channel=0 pix=876758866 dir=back framedims=640x480,352x288,320x240,176x144,1280x720,1280x960
03-14 13:41:49.698  1428  1428 I EmulatedCamera_QemuCamera3: Constructing emulated qemu camera 3: ID 0
03-14 13:41:49.698  1428  1428 E EmulatedCamera_QemuCamera3: parseResolutions: 640x480
03-14 13:41:49.698  1428  1428 E EmulatedCamera_QemuCamera3: parseResolutions: 352x288
03-14 13:41:49.698  1428  1428 E EmulatedCamera_QemuCamera3: parseResolutions: 320x240
03-14 13:41:49.698  1428  1428 E EmulatedCamera_QemuCamera3: parseResolutions: 176x144
03-14 13:41:49.698  1428  1428 E EmulatedCamera_QemuCamera3: parseResolutions: 1280x720
03-14 13:41:49.698  1428  1428 E EmulatedCamera_QemuCamera3: parseResolutions: 1280x960
03-14 13:41:49.698  1428  1428 I EmulatedCamera_QemuCamera3: Camera 0 capabilities:
03-14 13:41:49.698  1428  1428 I EmulatedCamera_QemuCamera3:   BACKWARD_COMPATIBLE
03-14 13:41:49.698  1428  1428 I EmulatedCamera_FakeCamera3: Constructing emulated fake camera 3: ID 1, facing front
03-14 13:41:49.699  1428  1428 I EmulatedCamera_FakeCamera3: Camera 1 capabilities:
03-14 13:41:49.699  1428  1428 I EmulatedCamera_FakeCamera3:   BACKWARD_COMPATIBLE
03-14 13:41:49.699  1428  1428 I EmulatedCamera_FakeCamera3:   MANUAL_SENSOR
03-14 13:41:49.699  1428  1428 I EmulatedCamera_FakeCamera3:   MANUAL_POST_PROCESSING
03-14 13:41:49.699  1428  1428 I EmulatedCamera_FakeCamera3:   READ_SENSOR_SETTINGS
03-14 13:41:49.699  1428  1428 I EmulatedCamera_FakeCamera3:   BURST_CAPTURE
03-14 13:41:49.699  1428  1428 I EmulatedCamera_FakeCamera3:   FULL_LEVEL
03-14 13:41:49.699  1428  1428 E EmulatedCamera_Factory: 2 cameras are being emulated. 1 of them are fake cameras.
03-14 13:41:49.699  1428  1428 E EmulatedCamera_HotplugThread: createFileIfNotExists: Could not create file '/data/misc/media/emulator.camera.hotplug.0', error: 'Permission denied' (13)
03-14 13:41:49.699  1428  1428 E EmulatedCamera_HotplugThread: createFileIfNotExists: Could not create file '/data/misc/media/emulator.camera.hotplug.1', error: 'Permission denied' (13)
03-14 13:41:49.699  1428  1428 I CamProvider@2.4-impl: Loaded "Emulated Camera Module" camera module
03-14 13:41:49.699  1428  1428 E CamProvider@2.4-impl: setUpVendorTags: Vendor tag operations not fully defined. Ignoring definitions.
03-14 13:41:49.700  1428  1428 E CamProvider@2.4-impl: initialize: Vendor tag setup failed, will not be available.
03-14 13:41:49.700  1428  1428 V EmulatedCamera_BaseCamera: getCameraInfo
03-14 13:41:49.700  1428  1428 V EmulatedCamera_BaseCamera: getCameraInfo
03-14 13:41:49.701  1427  1427 D vndksupport: Loading /vendor/lib/hw/android.hardware.audio@2.0-impl.so from current namespace instead of sphal namespace.
03-14 13:41:49.702  1428  1428 I ServiceManagement: Removing namespace from process name android.hardware.camera.provider@2.4-service to provider@2.4-se.
03-14 13:41:49.702  1428  1428 I android.hardware.camera.provider@2.4-service: Registration complete for android.hardware.camera.provider@2.4::ICameraProvider/legacy/0.
03-14 13:41:49.707  1427  1427 I ServiceManagement: Removing namespace from process name android.hardware.audio@2.0-service to audio@2.0-servi.
03-14 13:41:49.707  1427  1427 I audiohalservice: Registration complete for android.hardware.audio@2.0::IDevicesFactory/default.
03-14 13:41:49.707  1427  1427 D vndksupport: Loading /vendor/lib/hw/android.hardware.audio.effect@2.0-impl.so from current namespace instead of sphal namespace.
03-14 13:41:49.719  1447  1447 I /system/bin/surfaceflinger: android::hardware::configstore::V1_0::ISurfaceFlingerConfigs::maxFrameBufferAcquiredBuffers retrieved: 3
03-14 13:41:49.719  1427  1427 I audiohalservice: Registration complete for android.hardware.audio.effect@2.0::IEffectsFactory/default.
03-14 13:41:49.720  1427  1427 D vndksupport: Loading /vendor/lib/hw/android.hardware.soundtrigger@2.0-impl.so from current namespace instead of sphal namespace.
03-14 13:41:49.723  1427  1427 E SoundTriggerHalImpl: couldn't load sound trigger module sound_trigger.primary (No such file or directory)
03-14 13:41:49.723  1447  1447 I /system/bin/surfaceflinger: android::hardware::configstore::V1_0::ISurfaceFlingerConfigs::startGraphicsAllocatorService retrieved: 0
03-14 13:41:49.724  1427  1427 I audiohalservice: Registration complete for android.hardware.soundtrigger@2.0::ISoundTriggerHw/default.
03-14 13:41:49.726  1447  1447 I SurfaceFlinger: SurfaceFlinger is starting
03-14 13:41:49.727  1447  1447 I /system/bin/surfaceflinger: android::hardware::configstore::V1_0::ISurfaceFlingerConfigs::vsyncEventPhaseOffsetNs retrieved: 1000000 (default)
03-14 13:41:49.727  1447  1447 I /system/bin/surfaceflinger: android::hardware::configstore::V1_0::ISurfaceFlingerConfigs::vsyncSfEventPhaseOffsetNs retrieved: 1000000 (default)
03-14 13:41:49.727  1447  1447 I /system/bin/surfaceflinger: android::hardware::configstore::V1_0::ISurfaceFlingerConfigs::hasSyncFramework retrieved: 1
03-14 13:41:49.727  1447  1447 I /system/bin/surfaceflinger: android::hardware::configstore::V1_0::ISurfaceFlingerConfigs::useContextPriority retrieved: 0 (default)
03-14 13:41:49.727  1447  1447 I /system/bin/surfaceflinger: android::hardware::configstore::V1_0::ISurfaceFlingerConfigs::presentTimeOffsetFromVSyncNs retrieved: 0
03-14 13:41:49.727  1447  1447 I /system/bin/surfaceflinger: android::hardware::configstore::V1_0::ISurfaceFlingerConfigs::useHwcForRGBtoYUV retrieved: 0
03-14 13:41:49.727  1447  1447 I /system/bin/surfaceflinger: android::hardware::configstore::V1_0::ISurfaceFlingerConfigs::maxVirtualDisplaySize retrieved: 0 (default)
03-14 13:41:49.728  1447  1447 I /system/bin/surfaceflinger: android::hardware::configstore::V1_0::ISurfaceFlingerConfigs::useVrFlinger retrieved: 0 (default)
03-14 13:41:49.728  1447  1447 I /system/bin/surfaceflinger: android::hardware::configstore::V1_0::ISurfaceFlingerConfigs::maxFrameBufferAcquiredBuffers retrieved: 3
03-14 13:41:49.728  1447  1447 I /system/bin/surfaceflinger: android::hardware::configstore::V1_0::ISurfaceFlingerConfigs::hasWideColorDisplay retrieved: 0
03-14 13:41:49.728  1447  1447 I SurfaceFlinger: Enabling HWC virtual displays
03-14 13:41:49.728  1447  1447 I SurfaceFlinger: Disabling Triple Buffering
03-14 13:41:49.728  1447  1447 I SurfaceFlinger: SurfaceFlinger's main thread ready to run. Initializing graphics H/W...
03-14 13:41:49.728  1447  1447 I SurfaceFlinger: Phase offest NS: 1000000
03-14 13:41:49.728  1447  1447 D libEGL  : Emulator has host GPU support, qemu.gles is set to 1.
03-14 13:41:49.729  1447  1447 E vndksupport: Could not load /vendor/lib/egl/libGLES_emulation.so from sphal namespace: dlopen failed: library "/vendor/lib/egl/libGLES_emulation.so" not found.
03-14 13:41:49.729  1447  1447 E libEGL  : load_driver(/vendor/lib/egl/libGLES_emulation.so): unknown
03-14 13:41:49.734  1447  1447 D libEGL  : loaded /vendor/lib/egl/libEGL_emulation.so
03-14 13:41:49.736  1447  1447 D libEGL  : loaded /vendor/lib/egl/libGLESv1_CM_emulation.so
03-14 13:41:49.741  1447  1447 D libEGL  : loaded /vendor/lib/egl/libGLESv2_emulation.so
03-14 13:41:49.745  1447  1447 D         : HostConnection::get() New Host Connection established 0xa78c9000, tid 1447
03-14 13:41:49.747  1447  1447 I /system/bin/surfaceflinger: android::hardware::configstore::V1_0::ISurfaceFlingerConfigs::hasWideColorDisplay retrieved: 0
03-14 13:41:49.748  1447  1447 I SurfaceFlinger: EGL information:
03-14 13:41:49.748  1447  1447 I SurfaceFlinger: vendor    : Android
03-14 13:41:49.748  1447  1447 I SurfaceFlinger: version   : 1.4 Android META-EGL
03-14 13:41:49.748  1447  1447 I SurfaceFlinger: extensions: EGL_KHR_get_all_proc_addresses EGL_ANDROID_presentation_time EGL_KHR_swap_buffers_with_damage EGL_ANDROID_get_native_client_buffer EGL_ANDROID_front_buffer_auto_refresh EGL_ANDROID_get_frame_timestamps EGL_KHR_image EGL_KHR_image_base EGL_KHR_gl_texture_2D_image EGL_KHR_fence_sync EGL_KHR_create_context EGL_ANDROID_image_native_buffer EGL_KHR_wait_sync EGL_ANDROID_recordable 
03-14 13:41:49.748  1447  1447 I SurfaceFlinger: Client API: OpenGL_ES
03-14 13:41:49.748  1447  1447 I SurfaceFlinger: EGLSurface: 8-8-8-8, config=0x2
03-14 13:41:49.752  1447  1447 D EGL_emulation: eglCreateContext: 0xa78a0960: maj 3 min 0 rcv 3
03-14 13:41:49.753  1447  1447 D EGL_emulation: eglMakeCurrent: 0xa78a0960: ver 3 0 (tinfo 0xa789b9d0)
03-14 13:41:49.755  1447  1447 I SurfaceFlinger: OpenGL ES informations:
03-14 13:41:49.755  1447  1447 I SurfaceFlinger: vendor    : Google (Intel Inc.)
03-14 13:41:49.755  1447  1447 I SurfaceFlinger: renderer  : Android Emulator OpenGL ES Translator (Intel(R) Iris(TM) Plus Graphics 655)
03-14 13:41:49.755  1447  1447 I SurfaceFlinger: version   : OpenGL ES 3.0 (4.1 INTEL-16.1.12)
03-14 13:41:49.755  1447  1447 I SurfaceFlinger: extensions: GL_EXT_debug_marker GL_OES_EGL_image GL_OES_EGL_image_external GL_OES_depth24 GL_OES_depth32 GL_OES_element_index_uint GL_OES_texture_float GL_OES_texture_float_linear GL_OES_compressed_paletted_texture GL_OES_compressed_ETC1_RGB8_texture GL_OES_depth_texture GL_OES_texture_npot GL_OES_rgb8_rgba8 GL_EXT_color_buffer_float GL_EXT_color_buffer_half_float GL_EXT_texture_format_BGRA8888 GL_APPLE_texture_format_BGRA8888 ANDROID_EMU_CHECKSUM_HELPER_v1 ANDROID_EMU_native_sync_v2 ANDROID_EMU_native_sync_v3 ANDROID_EMU_native_sync_v4 ANDROID_EMU_dma_v1 ANDROID_EMU_async_unmap_buffer GL_OES_EGL_image_external_essl3 GL_OES_vertex_array_object GL_KHR_texture_compression_astc_ldr ANDROID_EMU_gles_max_version_3_0 
03-14 13:41:49.755  1447  1447 I SurfaceFlinger: GL_MAX_TEXTURE_SIZE = 16384
03-14 13:41:49.755  1447  1447 I SurfaceFlinger: GL_MAX_VIEWPORT_DIMS = 16384
03-14 13:41:49.759  1436  1467 D vndksupport: Loading /vendor/lib/hw/android.hardware.graphics.mapper@2.0-impl.so from current namespace instead of sphal namespace.
03-14 13:41:49.761  1436  1467 D vndksupport: Loading /vendor/lib/hw/gralloc.ranchu.so from current namespace instead of sphal namespace.
03-14 13:41:49.773  1435  1470 D gralloc_ranchu: gralloc_alloc: Creating ashmem region of size 8298496
03-14 13:41:49.773  1435  1470 D         : HostConnection::get() New Host Connection established 0xac90e000, tid 1470
03-14 13:41:49.812  1435  1470 D gralloc_ranchu: gralloc_alloc: Creating ashmem region of size 8298496
03-14 13:41:49.818  1435  1470 D gralloc_ranchu: gralloc_alloc: Creating ashmem region of size 8298496
03-14 13:41:49.823  1447  1447 D EGL_emulation: eglMakeCurrent: 0xa78a0960: ver 3 0 (tinfo 0xa789b9d0)
03-14 13:41:49.907  1385  1454 I Cryptfs : Signing safely-padded object
03-14 13:41:49.910  1384  1384 D TrustyKeymaster: Device received begin
03-14 13:41:49.910  1384  1384 E TrustyKeymaster: calling trusty_keymaster_call insize 1402 msg size 1406
03-14 13:41:49.911  1384  1384 E TrustyKeymaster: Received 24 byte response
03-14 13:41:49.911  1384  1384 D TrustyKeymaster: Device received update
03-14 13:41:49.911  1384  1384 E TrustyKeymaster: calling trusty_keymaster_call insize 280 msg size 284
03-14 13:41:49.911  1384  1384 E TrustyKeymaster: Received 24 byte response
03-14 13:41:49.912  1384  1384 E TrustyKeymaster: Device received finish
03-14 13:41:49.912  1384  1384 E TrustyKeymaster: calling trusty_keymaster_call insize 28 msg size 32
03-14 13:41:49.913  1384  1384 E TrustyKeymaster: Received 276 byte response
03-14 13:41:49.913  1384  1384 E TrustyKeymaster: here finish at 619 output data length 256
03-14 13:41:49.913  1384  1384 E TrustyKeymaster: OK here finish at 627
03-14 13:41:49.913  1447  1447 D SurfaceFlinger: shader cache generated - 24 shaders in 89.005997 ms
03-14 13:41:49.915  1447  1447 D SurfaceFlinger: Set power mode=2, type=0 flinger=0xa78ca000
03-14 13:41:50.049  1385  1454 I Cryptfs : Enabling support for allow_discards in dmcrypt.
03-14 13:41:50.062  1385  1387 D vold    : Disk at 252:0 changed
03-14 13:41:50.190  1385  1454 I Cryptfs : Password matches
03-14 13:41:50.190  1385  1454 D Cryptfs : test_mount_encrypted_fs(): Master key saved
03-14 13:41:50.191  1385  1454 D Cryptfs : Password is default - restarting filesystem
03-14 13:41:50.207  1447  1461 E SurfaceFlinger: ro.sf.lcd_density must be defined as a build property
03-14 13:41:50.210  1474  1492 D libEGL  : Emulator has host GPU support, qemu.gles is set to 1.
03-14 13:41:50.210  1474  1492 E vndksupport: Could not load /vendor/lib/egl/libGLES_emulation.so from sphal namespace: dlopen failed: library "/vendor/lib/egl/libGLES_emulation.so" not found.
03-14 13:41:50.210  1474  1492 E libEGL  : load_driver(/vendor/lib/egl/libGLES_emulation.so): unknown
03-14 13:41:50.213  1474  1492 D libEGL  : loaded /vendor/lib/egl/libEGL_emulation.so
03-14 13:41:50.213  1474  1492 D libEGL  : loaded /vendor/lib/egl/libGLESv1_CM_emulation.so
03-14 13:41:50.218  1474  1492 D libEGL  : loaded /vendor/lib/egl/libGLESv2_emulation.so
03-14 13:41:50.222  1474  1492 D         : HostConnection::get() New Host Connection established 0xa390c100, tid 1492
03-14 13:41:50.226  1474  1492 I /system/bin/bootanimation: android::hardware::configstore::V1_0::ISurfaceFlingerConfigs::hasWideColorDisplay retrieved: 0
03-14 13:41:50.228  1435  1470 D gralloc_ranchu: gralloc_alloc: Creating ashmem region of size 8298496
03-14 13:41:50.231  1385  1454 D Cryptfs : unmounting /data succeeded
03-14 13:41:50.232  1385  1454 I vold    : [libfs_mgr]superblock s_max_mnt_count:65535,/dev/block/dm-0
03-14 13:41:50.232  1385  1454 I vold    : [libfs_mgr]Filesystem on /dev/block/dm-0 was not cleanly shutdown; state flags: 0x1, incompat feature flags: 0x46
03-14 13:41:50.234  1447  1461 D         : HostConnection::get() New Host Connection established 0xa75a1040, tid 1461
03-14 13:41:50.284  1474  1492 D EGL_emulation: eglCreateContext: 0xa3913480: maj 1 min 0 rcv 1
03-14 13:41:50.299  1474  1492 D EGL_emulation: eglMakeCurrent: 0xa3913480: ver 1 0 (tinfo 0xa390b0b0)
03-14 13:41:50.511  1385  1454 I vold    : [libfs_mgr]check_fs(): mount(/dev/block/dm-0,/data,ext4)=0: Success
03-14 13:41:50.544  1385  1454 I vold    : [libfs_mgr]check_fs(): unmount(/data) succeeded
03-14 13:41:50.544  1385  1454 I vold    : [libfs_mgr]Running /system/bin/e2fsck on /dev/block/dm-0
03-14 13:41:50.555  1474  1492 D BootAnimation: BootAnimationShownTiming start time: 3555ms
03-14 13:41:50.555  1474  1503 E BootAnimation: Could not add watch for /data/system
03-14 13:41:50.574  1435  1470 D gralloc_ranchu: gralloc_alloc: Creating ashmem region of size 8298496
03-14 13:41:50.579  1436  1473 D         : HostConnection::get() New Host Connection established 0xb5ca3a40, tid 1473
03-14 13:41:50.582  1447  1460 D         : HostConnection::get() New Host Connection established 0xa78c9a40, tid 1460
03-14 13:41:50.759  1385  1454 I vold    : [libfs_mgr]__mount(source=/dev/block/dm-0,target=/data,type=ext4)=0: Success
03-14 13:41:50.759  1385  1454 D Cryptfs : Just triggered post_fs_data
03-14 13:41:50.788  1385  1389 D vold    : e4crypt_init_user0
03-14 13:41:50.788  1385  1389 D vold    : e4crypt_prepare_user_storage for volume null, user 0, serial 0, flags 1
03-14 13:41:50.788  1385  1389 D vold    : Preparing: /data/system/users/0
03-14 13:41:50.789  1385  1389 D vold    : Preparing: /data/misc/profiles/cur/0
03-14 13:41:50.789  1385  1389 D vold    : Preparing: /data/system_de/0
03-14 13:41:50.790  1385  1389 D vold    : Preparing: /data/misc_de/0
03-14 13:41:50.790  1385  1389 D vold    : Preparing: /data/user_de/0
03-14 13:41:50.791  1385  1389 D vold    : e4crypt_unlock_user_key 0 serial=0 token_present=0
03-14 13:41:50.800  1508  1508 I /system/bin/tzdatacheck: timezone distro dir /data/misc/zoneinfo/current does not exist. No action required.
03-14 13:41:50.807  1385  1454 D Cryptfs : post_fs_data done
03-14 13:41:50.809  1385  1454 D Cryptfs : Just triggered restart_framework
03-14 13:41:50.821  1509  1509 I bootstat: Service started: /system/bin/bootstat -r post_decrypt_time_elapsed 
03-14 13:41:50.900  1515  1515 I installd: installd firing up
03-14 13:41:50.976  1529  1529 D android.hardware.biometrics.fingerprint@2.1-service: Opening fingerprint hal library...
03-14 13:41:50.976  1529  1529 D vndksupport: Loading /vendor/lib/hw/fingerprint.ranchu.so from current namespace instead of sphal namespace.
03-14 13:41:50.995  1517  1517 I mediaserver: ServiceManager: 0xaef30400
03-14 13:41:50.998  1523  1523 I wificond: wificond is starting up...
03-14 13:41:51.001  1521  1521 I Netd    : Netd 1.0 starting
03-14 13:41:51.002  1528  1528 I /system/bin/tombstoned: tombstoned successfully initialized
03-14 13:41:51.002  1529  1529 D FingerprintHal: ----------------&gt; fingerprint_open -----------------&gt;
03-14 13:41:51.002  1529  1529 D FingerprintHal: ----------------&gt; set_notify_callback -----------------&gt;
03-14 13:41:51.002  1529  1529 D FingerprintHal: fingerprint callback notification set
03-14 13:41:51.002  1529  1529 I ServiceManagement: Removing namespace from process name android.hardware.biometrics.fingerprint@2.1-service to fingerprint@2.1.
03-14 13:41:51.008  1521  1521 D TetherController: Setting IP forward enable = 0
03-14 13:41:51.024  1527  1527 I gatekeeperd: Starting gatekeeperd...
03-14 13:41:51.024  1529  1535 D FingerprintHal: ----------------&gt; listenerFunction -----------------&gt;
03-14 13:41:51.042  1521  1521 I Netd    : Creating child chains: 32.6ms
03-14 13:41:51.042  1521  1521 I Netd    : Setting up OEM hooks: 0.0ms
03-14 13:41:51.044  1524  1524 I /vendor/bin/hw/android.hardware.media.omx@1.0-service: mediacodecservice starting
03-14 13:41:51.045  1521  1521 I Netd    : Setting up FirewallController hooks: 2.6ms
03-14 13:41:51.046  1521  1521 I Netd    : Setting up NatController hooks: 0.8ms
03-14 13:41:51.046  1521  1521 I Netd    : Setting up BandwidthController hooks: 0.4ms
03-14 13:41:51.046  1521  1521 I Netd    : Setting up IdletimerController hooks: 0.0ms
03-14 13:41:51.047  1521  1521 I Netd    : Disabling bandwidth control: 0.8ms
03-14 13:41:51.047  1524  1524 W /vendor/bin/hw/android.hardware.media.omx@1.0-service: Could not read additional policy file '/vendor/etc/seccomp_policy/mediacodec.policy'
03-14 13:41:51.048  1524  1524 W /vendor/bin/hw/android.hardware.media.omx@1.0-service: libminijail[1524]: allowing syscall: socketcall
03-14 13:41:51.048  1524  1524 W /vendor/bin/hw/android.hardware.media.omx@1.0-service: libminijail[1524]: allowing syscall: writev
03-14 13:41:51.048  1524  1524 W /vendor/bin/hw/android.hardware.media.omx@1.0-service: libminijail[1524]: allowing syscall: fcntl64
03-14 13:41:51.048  1524  1524 W /vendor/bin/hw/android.hardware.media.omx@1.0-service: libminijail[1524]: allowing syscall: clock_gettime
03-14 13:41:51.048  1524  1524 W /vendor/bin/hw/android.hardware.media.omx@1.0-service: libminijail[1524]: logging seccomp filter failures
03-14 13:41:51.058  1524  1524 W MediaCodecsXmlParser: unable to open media codecs configuration xml file: /data/misc/media/media_codecs_profiling_results.xml
03-14 13:41:51.058  1524  1524 W MediaCodecsXmlParser: parseTopLevelXMLFile(/data/misc/media/media_codecs_profiling_results.xml) failed
03-14 13:41:51.060  1524  1524 I ServiceManagement: Removing namespace from process name android.hardware.media.omx@1.0-service to omx@1.0-service.
03-14 13:41:51.063  1524  1524 W MediaCodecsXmlParser: unable to open media codecs configuration xml file: /data/misc/media/media_codecs_profiling_results.xml
03-14 13:41:51.063  1524  1524 W MediaCodecsXmlParser: parseTopLevelXMLFile(/data/misc/media/media_codecs_profiling_results.xml) failed
03-14 13:41:51.063  1524  1524 I ServiceManagement: Removing namespace from process name android.hardware.media.omx@1.0-service to omx@1.0-service.
03-14 13:41:51.063  1524  1524 I /vendor/bin/hw/android.hardware.media.omx@1.0-service: Treble OMX service created.
03-14 13:41:51.068  1511  1511 D AndroidRuntime: &gt;&gt;&gt;&gt;&gt;&gt; START com.android.internal.os.ZygoteInit uid 0 &lt;&lt;&lt;&lt;&lt;&lt;
03-14 13:41:51.076  1513  1513 I cameraserver: ServiceManager: 0xb3fb0400
03-14 13:41:51.076  1513  1513 I CameraService: CameraService started (pid=1513)
03-14 13:41:51.077  1513  1513 I CameraService: CameraService process starting
03-14 13:41:51.077  1512  1512 I FastMixerState: sMaxFastTracks = 8
03-14 13:41:51.079  1513  1513 W BatteryNotifier: batterystats service unavailable!
03-14 13:41:51.080  1513  1513 W BatteryNotifier: batterystats service unavailable!
03-14 13:41:51.081  1513  1513 I CameraProviderManager: Connecting to new camera provider: legacy/0, isRemote? 1
03-14 13:41:51.082  1513  1513 I CameraProviderManager: Enumerating new camera device: device@3.3/legacy/0
03-14 13:41:51.082  1512  1512 I audioserver: ServiceManager: 0xae69aec0
03-14 13:41:51.082  1519  1519 I mediametrics: ServiceManager: 0xa96b0440
03-14 13:41:51.082  1519  1519 D MediaAnalyticsService: MediaAnalyticsService created
03-14 13:41:51.082  1519  1519 D MediaAnalyticsService: MediaAnalyticsService::newSummarizerSet
03-14 13:41:51.083  1512  1512 W BatteryNotifier: batterystats service unavailable!
03-14 13:41:51.084  1513  1513 I CameraProviderManager: Enumerating new camera device: device@3.3/legacy/1
03-14 13:41:51.084  1513  1513 I CameraProviderManager: Camera provider legacy/0 ready with 2 camera devices
03-14 13:41:51.085  1513  1513 I CameraHardwareInterface: Opening camera 0
03-14 13:41:51.085  1513  1513 E CameraHardwareInterface: initialize: openSession failed! No such file or directory (-2)
03-14 13:41:51.085  1513  1513 E CameraFlashlight: connectCameraDevice: initializing camera 0 failed
03-14 13:41:51.085  1513  1513 I CameraHardwareInterface: Destroying camera 0
03-14 13:41:51.085  1513  1513 E CameraFlashlight: findFlashUnits: failed to check if camera 0 has a flash unit. No such file or directory (-2)
03-14 13:41:51.086  1513  1513 I CameraHardwareInterface: Opening camera 1
03-14 13:41:51.086  1513  1513 E CameraHardwareInterface: initialize: openSession failed! No such file or directory (-2)
03-14 13:41:51.086  1513  1513 E CameraFlashlight: connectCameraDevice: initializing camera 1 failed
03-14 13:41:51.086  1513  1513 I CameraHardwareInterface: Destroying camera 1
03-14 13:41:51.086  1513  1513 E CameraFlashlight: findFlashUnits: failed to check if camera 1 has a flash unit. No such file or directory (-2)
03-14 13:41:51.086  1513  1513 I CameraService: onDeviceStatusChanged: Status changed for cameraId=0, newStatus=1
03-14 13:41:51.086  1513  1513 E CameraService: onDeviceStatusChanged: State transition to the same status 0x1 not allowed
03-14 13:41:51.086  1513  1513 I CameraService: onDeviceStatusChanged: Status changed for cameraId=1, newStatus=1
03-14 13:41:51.086  1513  1513 E CameraService: onDeviceStatusChanged: State transition to the same status 0x1 not allowed
03-14 13:41:51.087  1512  1512 I AudioFlinger: Using default 3000 mSec as standby time.
03-14 13:41:51.090  1512  1512 I APM::ConfigParsingUtils: loadAudioPolicyConfig() loaded /system/etc/audio_policy.conf
03-14 13:41:51.090  1513  1546 W CameraProviderManager: addProviderLocked: Camera provider HAL with name 'legacy/0' already registered
03-14 13:41:51.091  1427  1550 D vndksupport: Loading /vendor/lib/hw/audio.primary.goldfish.so from current namespace instead of sphal namespace.
03-14 13:41:51.092  1513  1546 I CameraService: onDeviceStatusChanged: Status changed for cameraId=0, newStatus=1
03-14 13:41:51.092  1513  1546 E CameraService: onDeviceStatusChanged: State transition to the same status 0x1 not allowed
03-14 13:41:51.092  1513  1546 I CameraService: onDeviceStatusChanged: Status changed for cameraId=1, newStatus=1
03-14 13:41:51.092  1513  1546 E CameraService: onDeviceStatusChanged: State transition to the same status 0x1 not allowed
03-14 13:41:51.093  1427  1550 D audio_hw_generic: Emulator host-side ALSA audio emulation detected.
03-14 13:41:51.094  1511  1511 I zygote  : option[0]=-Xzygote
03-14 13:41:51.094  1511  1511 I zygote  : option[1]=-Xcheck:jni
03-14 13:41:51.094  1511  1511 I zygote  : option[2]=-Xusetombstonedtraces
03-14 13:41:51.094  1511  1511 I zygote  : option[3]=exit
03-14 13:41:51.094  1511  1511 I zygote  : option[4]=vfprintf
03-14 13:41:51.094  1511  1511 I zygote  : option[5]=sensitiveThread
03-14 13:41:51.094  1511  1511 I zygote  : option[6]=-verbose:gc
03-14 13:41:51.094  1511  1511 I zygote  : option[7]=-Xms4m
03-14 13:41:51.094  1511  1511 I zygote  : option[8]=-Xmx384m
03-14 13:41:51.094  1511  1511 I zygote  : option[9]=-Xusejit:true
03-14 13:41:51.094  1511  1511 I zygote  : option[10]=-Xjitsaveprofilinginfo
03-14 13:41:51.094  1511  1511 I zygote  : option[11]=-agentlib:jdwp=transport=dt_android_adb,suspend=n,server=y
03-14 13:41:51.094  1511  1511 I zygote  : option[12]=-Ximage-compiler-option
03-14 13:41:51.094  1511  1511 I zygote  : option[13]=--runtime-arg
03-14 13:41:51.094  1511  1511 I zygote  : option[14]=-Ximage-compiler-option
03-14 13:41:51.094  1511  1511 I zygote  : option[15]=-Xms64m
03-14 13:41:51.094  1511  1511 I zygote  : option[16]=-Ximage-compiler-option
03-14 13:41:51.094  1511  1511 I zygote  : option[17]=--runtime-arg
03-14 13:41:51.094  1427  1550 D audio_hw_generic: mixer 0 name Master Playback Volume
03-14 13:41:51.094  1511  1511 I zygote  : option[18]=-Ximage-compiler-option
03-14 13:41:51.094  1427  1550 D audio_hw_generic: set ctl 0 to 100
03-14 13:41:51.094  1511  1511 I zygote  : option[19]=-Xmx64m
03-14 13:41:51.094  1511  1511 I zygote  : option[20]=-Ximage-compiler-option
03-14 13:41:51.094  1511  1511 I zygote  : option[21]=--image-classes=/system/etc/preloaded-classes
03-14 13:41:51.094  1511  1511 I zygote  : option[22]=-Ximage-compiler-option
03-14 13:41:51.094  1511  1511 I zygote  : option[23]=--compiled-classes=/system/etc/compiled-classes
03-14 13:41:51.094  1511  1511 I zygote  : option[24]=-Ximage-compiler-option
03-14 13:41:51.094  1511  1511 I zygote  : option[25]=--dirty-image-objects=/system/etc/dirty-image-objects
03-14 13:41:51.094  1511  1511 I zygote  : option[26]=-Xcompiler-option
03-14 13:41:51.094  1511  1511 I zygote  : option[27]=--runtime-arg
03-14 13:41:51.094  1511  1511 I zygote  : option[28]=-Xcompiler-option
03-14 13:41:51.094  1511  1511 I zygote  : option[29]=-Xms64m
03-14 13:41:51.094  1511  1511 I zygote  : option[30]=-Xcompiler-option
03-14 13:41:51.094  1511  1511 I zygote  : option[31]=--runtime-arg
03-14 13:41:51.094  1511  1511 I zygote  : option[32]=-Xcompiler-option
03-14 13:41:51.094  1511  1511 I zygote  : option[33]=-Xmx512m
03-14 13:41:51.094  1511  1511 I zygote  : option[34]=-Ximage-compiler-option
03-14 13:41:51.094  1511  1511 I zygote  : option[35]=--instruction-set-variant=x86
03-14 13:41:51.094  1511  1511 I zygote  : option[36]=-Xcompiler-option
03-14 13:41:51.094  1511  1511 I zygote  : option[37]=--instruction-set-variant=x86
03-14 13:41:51.094  1511  1511 I zygote  : option[38]=-Ximage-compiler-option
03-14 13:41:51.094  1511  1511 I zygote  : option[39]=--instruction-set-features=default
03-14 13:41:51.094  1511  1511 I zygote  : option[40]=-Xcompiler-option
03-14 13:41:51.094  1511  1511 I zygote  : option[41]=--instruction-set-features=default
03-14 13:41:51.094  1511  1511 I zygote  : option[42]=-Duser.locale=en-US
03-14 13:41:51.094  1511  1511 I zygote  : option[43]=--cpu-abilist=x86
03-14 13:41:51.094  1511  1511 I zygote  : option[44]=-Xfingerprint:google/sdk_gphone_x86/generic_x86:8.1.0/OSM1.180201.007/4586646:user/release-keys
03-14 13:41:51.094  1427  1550 D audio_hw_generic: set ctl 1 to 100
03-14 13:41:51.094  1427  1550 D audio_hw_generic: mixer 1 name Master Playback Switch
03-14 13:41:51.094  1427  1550 D audio_hw_generic: set ctl 0 to 1
03-14 13:41:51.094  1427  1550 D audio_hw_generic: set ctl 1 to 1
03-14 13:41:51.095  1427  1550 D audio_hw_generic: mixer 2 name Capture Volume
03-14 13:41:51.095  1427  1550 D audio_hw_generic: set ctl 0 to 100
03-14 13:41:51.095  1427  1550 D audio_hw_generic: set ctl 1 to 100
03-14 13:41:51.095  1427  1550 D audio_hw_generic: mixer 3 name Capture Switch
03-14 13:41:51.095  1427  1550 D audio_hw_generic: set ctl 0 to 1
03-14 13:41:51.095  1427  1550 D audio_hw_generic: set ctl 1 to 1
03-14 13:41:51.096  1427  1550 D audio_hw_generic: mixer 4 name Line Phantom Jack
03-14 13:41:51.096  1427  1550 D audio_hw_generic: mixer 5 name Line Out Phantom Jack
03-14 13:41:51.096  1427  1550 D audio_hw_generic: mixer 6 name Playback Channel Map
03-14 13:41:51.096  1427  1550 D audio_hw_generic: mixer 7 name Capture Channel Map
03-14 13:41:51.099  1427  1427 W DeviceHAL: Device 0xb480f000 get_master_volume: Function not implemented
03-14 13:41:51.099  1427  1560 W DeviceHAL: Device 0xb480f000 get_master_mute: Function not implemented
03-14 13:41:51.099  1427  1560 W DeviceHAL: Device 0xb480f000 set_master_volume: Function not implemented
03-14 13:41:51.099  1427  1560 W DeviceHAL: Device 0xb480f000 set_master_mute: Function not implemented
03-14 13:41:51.099  1512  1512 I AudioFlinger: loadHwModule() Loaded primary audio interface, handle 10
03-14 13:41:51.099  1512  1512 I AudioFlinger: openOutput() this 0xae6b5000, module 10 Device 2, SamplingRate 48000, Format 0x000001, Channels 3, flags 2
03-14 13:41:51.099  1522  1540 I ServiceManager: Waiting for service package_native...
03-14 13:41:51.101  1512  1512 I AudioFlinger: HAL output buffer size 720 frames, normal sink buffer size 1152 frames
03-14 13:41:51.102  1427  1560 E EffectsConfig: Failed to parse /vendor/etc/audio_effects.xml: Tinyxml2 error (3): /vendor/etc/audio_effects.xml (null)
03-14 13:41:51.102  1427  1560 E EffectsFactoryConfigLoader: Failed to parse XML configuration file
03-14 13:41:51.102  1427  1560 W EffectsFactory: Failed to load XML effect configuration, fallback to .conf
03-14 13:41:51.107  1511  1511 W zygote  : Could not reserve sentinel fault page
03-14 13:41:51.111  1512  1512 I BufferProvider: found effect "Multichannel Downmix To Stereo" from The Android Open Source Project
03-14 13:41:51.111  1520  1520 I mediaserver: ServiceManager: 0xacf30840
03-14 13:41:51.112  1512  1566 I AudioFlinger: AudioFlinger's thread 0xade03700 tid=1566 ready to run
03-14 13:41:51.112  1512  1512 I AudioFlinger: Using module 10 as the primary audio interface
03-14 13:41:51.112  1512  1566 W AudioFlinger: no wake lock to update, system not ready yet
03-14 13:41:51.114  1512  1512 W AudioFlinger: moveEffects() bad srcOutput 0
03-14 13:41:51.114  1518  1518 V MediaUtils: physMem: 1585758208
03-14 13:41:51.114  1518  1518 V MediaUtils: requested limit: 317151640
03-14 13:41:51.114  1518  1518 V MediaUtils: cfi shadow size: 32768
03-14 13:41:51.114  1518  1518 V MediaUtils: actual limit: 317184408
03-14 13:41:51.114  1518  1518 V MediaUtils: original limits: 4294967295/4294967295
03-14 13:41:51.114  1518  1518 V MediaUtils: new limits: 317184408/4294967295
03-14 13:41:51.115  1512  1566 W AudioFlinger: no wake lock to update, system not ready yet
03-14 13:41:51.117  1518  1518 W /system/bin/mediaextractor: Could not read additional policy file '/vendor/etc/seccomp_policy/mediaextractor.policy'
03-14 13:41:51.117  1518  1518 W /system/bin/mediaextractor: libminijail[1518]: allowing syscall: socketcall
03-14 13:41:51.118  1518  1518 W /system/bin/mediaextractor: libminijail[1518]: allowing syscall: writev
03-14 13:41:51.118  1518  1518 W /system/bin/mediaextractor: libminijail[1518]: allowing syscall: fcntl64
03-14 13:41:51.118  1518  1518 W /system/bin/mediaextractor: libminijail[1518]: allowing syscall: clock_gettime
03-14 13:41:51.118  1518  1518 W /system/bin/mediaextractor: libminijail[1518]: logging seccomp filter failures
03-14 13:41:51.123  1520  1520 W BatteryNotifier: batterystats service unavailable!
03-14 13:41:51.124  1512  1569 I AudioFlinger: AudioFlinger's thread 0xadb19440 tid=1569 ready to run
03-14 13:41:51.124  1427  1550 D vndksupport: Loading /vendor/lib/hw/audio.r_submix.default.so from current namespace instead of sphal namespace.
03-14 13:41:51.127  1427  1550 I r_submix: adev_open(name=audio_hw_if)
03-14 13:41:51.128  1427  1550 I r_submix: adev_init_check()
03-14 13:41:51.128  1427  1550 W DeviceHAL: Device 0xb4838bc0 set_master_mute: Function not implemented
03-14 13:41:51.128  1512  1512 I AudioFlinger: loadHwModule() Loaded r_submix audio interface, handle 18
03-14 13:41:51.128  1427  1550 D r_submix: adev_open_input_stream(addr=0)
03-14 13:41:51.128  1427  1550 D r_submix: submix_audio_device_create_pipe_l(addr=0, idx=9)
03-14 13:41:51.128  1427  1550 D r_submix:   now using address 0 for route 9
03-14 13:41:51.129  1512  1571 I AudioFlinger: AudioFlinger's thread 0xadb19240 tid=1571 ready to run
03-14 13:41:51.130  1512  1512 E EffectsConfig: Failed to parse /vendor/etc/audio_effects.xml: Tinyxml2 error (3): /vendor/etc/audio_effects.xml (null)
03-14 13:41:51.130  1512  1512 W AudioPolicyEffects: Failed to load XML effect configuration, fallback to .conf
03-14 13:41:51.130  1427  1550 D r_submix: adev_close_input_stream()
03-14 13:41:51.130  1427  1550 D r_submix: submix_audio_device_release_pipe_l(idx=9) addr=0
03-14 13:41:51.130  1427  1550 D r_submix: submix_audio_device_destroy_pipe_l(): pipe destroyed
03-14 13:41:51.132  1512  1512 I SoundTriggerHalHidl: getProperties res implementor 
03-14 13:41:51.132  1512  1512 I SoundTriggerHalHidl: getProperties ret -19
03-14 13:41:51.132  1512  1512 E SoundTriggerHwService: could not read implementation properties
03-14 13:41:51.251  1521  1521 E Netd    : cannot find interface dummy0
03-14 13:41:51.251  1521  1521 I Netd    : Initializing RouteController: 204.2ms
03-14 13:41:51.252  1521  1521 E Netd    : Unable to create netlink socket: Protocol not supported
03-14 13:41:51.252  1521  1521 W Netd    : Unable to open qlog quota socket, check if xt_quota2 can send via UeventHandler
03-14 13:41:51.253  1521  1521 D MDnsDS  : MDnsSdListener::Hander starting up
03-14 13:41:51.254  1521  1521 I Netd    : Registering NetdNativeService: 0.4ms
03-14 13:41:51.254  1521  1521 I Netd    : Starting CommandListener: 0.0ms
03-14 13:41:51.254  1521  1578 D MDnsDS  : MDnsSdListener starting to monitor
03-14 13:41:51.254  1521  1578 D MDnsDS  : Going to poll with pollCount 1
03-14 13:41:51.256  1521  1521 I Netd    : Registering NetdHwService: 1.9ms
03-14 13:41:51.256  1521  1521 I Netd    : Netd started in 254ms
03-14 13:41:51.742  1511  1511 D Zygote  : begin preload
03-14 13:41:51.742  1511  1511 I Zygote  : Installing ICU cache reference pinning...
03-14 13:41:51.742  1511  1511 I Zygote  : Preloading ICU data...
03-14 13:41:51.751  1629  1629 W hostapd : type=1400 audit(0.0:4): avc: denied { setgid } for capability=6 scontext=u:r:hostapd:s0 tcontext=u:r:hostapd:s0 tclass=capability permissive=0
03-14 13:41:51.751  1629  1629 W hostapd : type=1400 audit(0.0:5): avc: denied { setgid } for capability=6 scontext=u:r:hostapd:s0 tcontext=u:r:hostapd:s0 tclass=capability permissive=0
03-14 13:41:51.751  1629  1629 W hostapd : type=1400 audit(0.0:6): avc: denied { setuid } for capability=7 scontext=u:r:hostapd:s0 tcontext=u:r:hostapd:s0 tclass=capability permissive=0
03-14 13:41:51.786  1629  1629 E hostapd : Configuration file: /vendor/etc/simulated_hostapd.conf
03-14 13:41:51.791  1629  1629 I hostapd : rfkill: Cannot get wiphy information
03-14 13:41:51.791  1629  1629 I hostapd : wlan1: interface state UNINITIALIZED-&gt;COUNTRY_UPDATE
03-14 13:41:51.820  1511  1511 I Zygote  : Preloading classes...
03-14 13:41:52.091  1435  1470 D gralloc_ranchu: gralloc_alloc: Creating ashmem region of size 8298496
03-14 13:41:52.101  1522  1540 I ServiceManager: Waiting for service package_native...
03-14 13:41:52.169  1511  1511 E ActivityRecognitionHardware: activity_recognition HAL is deprecated. class_init is effectively a no-op
03-14 13:41:52.251  1511  1511 W Zygote  : Class not found for preloading: android.icu.impl.number.Parse
03-14 13:41:52.282  1511  1511 I zygote  : Thread[1,tid=1511,Native,Thread*=0xa8cce000,peer=0x12c01cd8,"main"] recursive attempt to load library "/system/lib/libmedia_jni.so"
03-14 13:41:52.282  1511  1511 D MtpDeviceJNI: register_android_mtp_MtpDevice
03-14 13:41:52.283  1511  1511 I zygote  : Thread[1,tid=1511,Native,Thread*=0xa8cce000,peer=0x12c01cd8,"main"] recursive attempt to load library "/system/lib/libmedia_jni.so"
03-14 13:41:52.283  1511  1511 I zygote  : Thread[1,tid=1511,Native,Thread*=0xa8cce000,peer=0x12c01cd8,"main"] recursive attempt to load library "/system/lib/libmedia_jni.so"
03-14 13:41:52.756  1626  1626 E ipv6proxy: Failed to forward Router Advertisement from eth0 to wlan1: Network is unreachable
03-14 13:41:52.757  1626  1626 E ipv6proxy: Failed to forward Router Advertisement from eth0 to radio0-peer: Cannot assign requested address
03-14 13:41:53.426  1522  1540 I ServiceManager: Waiting for service package_native...
03-14 13:41:54.214  1511  1511 I Zygote  : ...preloaded 4715 classes in 2394ms.
03-14 13:41:54.215  1511  1511 I zygote  : VMRuntime.preloadDexCaches starting
03-14 13:41:54.243  1511  1511 I zygote  : VMRuntime.preloadDexCaches strings total=312995 before=10352 after=10352
03-14 13:41:54.243  1511  1511 I zygote  : VMRuntime.preloadDexCaches types total=26665 before=5501 after=5503
03-14 13:41:54.243  1511  1511 I zygote  : VMRuntime.preloadDexCaches fields total=126827 before=5507 after=5537
03-14 13:41:54.243  1511  1511 I zygote  : VMRuntime.preloadDexCaches methods total=225352 before=9943 after=9943
03-14 13:41:54.243  1511  1511 I zygote  : VMRuntime.preloadDexCaches finished
03-14 13:41:54.313  1511  1511 I Zygote  : Preloading resources...
03-14 13:41:54.330  1511  1511 W Resources: Preloaded drawable resource #0x1080264 (android:drawable/dialog_background_material) that varies with configuration!!
03-14 13:41:54.352  1511  1511 I Zygote  : ...preloaded 64 resources in 39ms.
03-14 13:41:54.354  1511  1511 W Resources: Preloaded color resource #0x1060053 (android:color/btn_default_material_dark) that varies with configuration!!
03-14 13:41:54.354  1511  1511 I Zygote  : ...preloaded 41 resources in 2ms.
03-14 13:41:54.362  1511  1511 D libEGL  : Emulator has host GPU support, qemu.gles is set to 1.
03-14 13:41:54.363  1511  1511 E vndksupport: Could not load /vendor/lib/egl/libGLES_emulation.so from sphal namespace: dlopen failed: library "/vendor/lib/egl/libGLES_emulation.so" not found.
03-14 13:41:54.363  1511  1511 E libEGL  : load_driver(/vendor/lib/egl/libGLES_emulation.so): unknown
03-14 13:41:54.364  1511  1511 D libEGL  : loaded /vendor/lib/egl/libEGL_emulation.so
03-14 13:41:54.365  1511  1511 D libEGL  : loaded /vendor/lib/egl/libGLESv1_CM_emulation.so
03-14 13:41:54.368  1511  1511 D libEGL  : loaded /vendor/lib/egl/libGLESv2_emulation.so
03-14 13:41:54.372  1511  1511 I Zygote  : Preloading shared libraries...
03-14 13:41:54.375  1511  1511 E Hyphenator: hyphenation patterns for /system/usr/hyphen-data/hyph-as.hyb not found or unreadable
03-14 13:41:54.375  1511  1511 E Hyphenator: hyphenation patterns for /system/usr/hyphen-data/hyph-bg.hyb not found or unreadable
03-14 13:41:54.375  1511  1511 E Hyphenator: hyphenation patterns for /system/usr/hyphen-data/hyph-bn.hyb not found or unreadable
