03-14 13:41:54.375  1511  1511 E Hyphenator: hyphenation patterns for /system/usr/hyphen-data/hyph-cu.hyb not found or unreadable
03-14 13:41:54.375  1511  1511 E Hyphenator: hyphenation patterns for /system/usr/hyphen-data/hyph-cy.hyb not found or unreadable
03-14 13:41:54.375  1511  1511 E Hyphenator: hyphenation patterns for /system/usr/hyphen-data/hyph-da.hyb not found or unreadable
03-14 13:41:54.375  1511  1511 E Hyphenator: hyphenation patterns for /system/usr/hyphen-data/hyph-de-1901.hyb not found or unreadable
03-14 13:41:54.375  1511  1511 E Hyphenator: hyphenation patterns for /system/usr/hyphen-data/hyph-de-1996.hyb not found or unreadable
03-14 13:41:54.375  1511  1511 E Hyphenator: hyphenation patterns for /system/usr/hyphen-data/hyph-de-ch-1901.hyb not found or unreadable
03-14 13:41:54.375  1511  1511 E Hyphenator: hyphenation patterns for /system/usr/hyphen-data/hyph-en-gb.hyb not found or unreadable
03-14 13:41:54.375  1511  1511 E Hyphenator: hyphenation patterns for /system/usr/hyphen-data/hyph-en-us.hyb not found or unreadable
03-14 13:41:54.375  1511  1511 E Hyphenator: hyphenation patterns for /system/usr/hyphen-data/hyph-es.hyb not found or unreadable
03-14 13:41:54.375  1511  1511 E Hyphenator: hyphenation patterns for /system/usr/hyphen-data/hyph-et.hyb not found or unreadable
03-14 13:41:54.375  1511  1511 E Hyphenator: hyphenation patterns for /system/usr/hyphen-data/hyph-eu.hyb not found or unreadable
03-14 13:41:54.375  1511  1511 E Hyphenator: hyphenation patterns for /system/usr/hyphen-data/hyph-fr.hyb not found or unreadable
03-14 13:41:54.375  1511  1511 E Hyphenator: hyphenation patterns for /system/usr/hyphen-data/hyph-ga.hyb not found or unreadable
03-14 13:41:54.375  1511  1511 E Hyphenator: hyphenation patterns for /system/usr/hyphen-data/hyph-gu.hyb not found or unreadable
03-14 13:41:54.375  1511  1511 E Hyphenator: hyphenation patterns for /system/usr/hyphen-data/hyph-hi.hyb not found or unreadable
03-14 13:41:54.375  1511  1511 E Hyphenator: hyphenation patterns for /system/usr/hyphen-data/hyph-hr.hyb not found or unreadable
03-14 13:41:54.375  1511  1511 E Hyphenator: hyphenation patterns for /system/usr/hyphen-data/hyph-hu.hyb not found or unreadable
03-14 13:41:54.375  1511  1511 E Hyphenator: hyphenation patterns for /system/usr/hyphen-data/hyph-hy.hyb not found or unreadable
03-14 13:41:54.375  1511  1511 E Hyphenator: hyphenation patterns for /system/usr/hyphen-data/hyph-kn.hyb not found or unreadable
03-14 13:41:54.375  1511  1511 E Hyphenator: hyphenation patterns for /system/usr/hyphen-data/hyph-ml.hyb not found or unreadable
03-14 13:41:54.375  1511  1511 E Hyphenator: hyphenation patterns for /system/usr/hyphen-data/hyph-mn-cyrl.hyb not found or unreadable
03-14 13:41:54.376  1511  1511 E Hyphenator: hyphenation patterns for /system/usr/hyphen-data/hyph-mr.hyb not found or unreadable
03-14 13:41:54.376  1511  1511 E Hyphenator: hyphenation patterns for /system/usr/hyphen-data/hyph-nb.hyb not found or unreadable
03-14 13:41:54.376  1511  1511 E Hyphenator: hyphenation patterns for /system/usr/hyphen-data/hyph-nn.hyb not found or unreadable
03-14 13:41:54.376  1511  1511 E Hyphenator: hyphenation patterns for /system/usr/hyphen-data/hyph-or.hyb not found or unreadable
03-14 13:41:54.376  1511  1511 E Hyphenator: hyphenation patterns for /system/usr/hyphen-data/hyph-pa.hyb not found or unreadable
03-14 13:41:54.376  1511  1511 E Hyphenator: hyphenation patterns for /system/usr/hyphen-data/hyph-pt.hyb not found or unreadable
03-14 13:41:54.376  1511  1511 E Hyphenator: hyphenation patterns for /system/usr/hyphen-data/hyph-sl.hyb not found or unreadable
03-14 13:41:54.376  1511  1511 E Hyphenator: hyphenation patterns for /system/usr/hyphen-data/hyph-ta.hyb not found or unreadable
03-14 13:41:54.376  1511  1511 E Hyphenator: hyphenation patterns for /system/usr/hyphen-data/hyph-te.hyb not found or unreadable
03-14 13:41:54.376  1511  1511 E Hyphenator: hyphenation patterns for /system/usr/hyphen-data/hyph-tk.hyb not found or unreadable
03-14 13:41:54.376  1511  1511 E Hyphenator: hyphenation patterns for /system/usr/hyphen-data/hyph-und-ethi.hyb not found or unreadable
03-14 13:41:54.382  1511  1511 I Zygote  : Uninstalled ICU cache reference pinning...
03-14 13:41:54.385  1511  1511 I Zygote  : Installed AndroidKeyStoreProvider in 3ms.
03-14 13:41:54.389  1511  1511 I Zygote  : Warmed up JCA providers in 4ms.
03-14 13:41:54.389  1511  1511 D Zygote  : end preload
03-14 13:41:54.397  1511  1511 I zygote  : Explicit concurrent copying GC freed 12134(546KB) AllocSpace objects, 0(0B) LOS objects, 75% free, 1371KB/5MB, paused 9us total 7.221ms
03-14 13:41:54.401  1511  1511 I zygote  : Explicit concurrent copying GC freed 1333(82KB) AllocSpace objects, 0(0B) LOS objects, 75% free, 1321KB/5MB, paused 8us total 3.544ms
03-14 13:41:54.428  1522  1540 I ServiceManager: Waiting for service package_native...
03-14 13:41:54.461  1511  1511 I zygote  : Global filter of size 210 installed
03-14 13:41:54.479  1511  1511 I Zygote  : System server process 1637 has been created
03-14 13:41:54.479  1511  1511 E Zygote  : couldn't write 1637 to /dev/memcg/system/tasks
03-14 13:41:54.480  1511  1511 I Zygote  : Accepting command socket connections
03-14 13:41:54.461  1511  1511 W main    : type=1400 audit(0.0:7): avc: denied { create } for name="tasks" scontext=u:r:zygote:s0 tcontext=u:object_r:cgroup:s0 tclass=file permissive=0
03-14 13:41:54.509  1637  1637 I zygote  : The ClassLoaderContext is a special shared library.
03-14 13:41:54.540  1637  1637 I SystemServer: InitBeforeStartServices
03-14 13:41:54.542  1637  1637 I SystemServer: Entered the Android system server!
03-14 13:41:54.648  1637  1637 I SystemServer: StartServices
03-14 13:41:54.648  1637  1637 I SystemServer: Reading configuration...
03-14 13:41:54.648  1637  1637 I SystemServer: ReadingSystemConfig
03-14 13:41:54.648  1637  1637 I SystemServer: StartInstaller
03-14 13:41:54.648  1637  1637 I SystemServiceManager: Starting com.android.server.pm.Installer
03-14 13:41:54.517  1637  1637 I chatty  : uid=1000 system_server identical 2 lines
03-14 13:41:54.520  1637  1637 I zygote  : The ClassLoaderContext is a special shared library.
03-14 13:41:54.653  1515  1530 D installd: Found quota mount /dev/block/dm-0 at /data
03-14 13:41:54.654  1515  1530 D installd: Found quota mount /dev/block/dm-0 at /data/var/run/netns
03-14 13:41:54.654  1637  1637 I SystemServer: DeviceIdentifiersPolicyService
03-14 13:41:54.654  1637  1637 I SystemServiceManager: Starting com.android.server.os.DeviceIdentifiersPolicyService
03-14 13:41:54.656  1637  1637 I SystemServer: StartActivityManager
03-14 13:41:54.656  1637  1637 I SystemServiceManager: Starting com.android.server.am.ActivityManagerService$Lifecycle
03-14 13:41:54.659  1443  1443 I boot-pipe: done populating /dev/random
03-14 13:41:54.678  1637  1637 I ActivityManager: Memory class: 384
03-14 13:41:54.696  1637  1637 D BatteryStatsImpl: Reading daily items from /data/system/batterystats-daily.xml
03-14 13:41:54.702  1637  1654 E BluetoothAdapter: Bluetooth binder is null
03-14 13:41:54.708  1637  1654 E BatteryExternalStatsWorker: no controller energy info supplied for telephony
03-14 13:41:54.710  1637  1654 E KernelUidCpuFreqTimeReader: Failed to read /proc/uid_time_in_state: java.io.FileNotFoundException: /proc/uid_time_in_state (No such file or directory)
03-14 13:41:54.711  1637  1654 E KernelCpuSpeedReader: Failed to read cpu-freq: /sys/devices/system/cpu/cpu0/cpufreq/stats/time_in_state (No such file or directory)
03-14 13:41:54.712  1637  1654 W KernelMemoryBandwidthStats: No kernel memory bandwidth stats available
03-14 13:41:54.713  1637  1654 I PowerManagerService-JNI: Loaded power HAL service
03-14 13:41:54.737  1376  1376 W /system/bin/hwservicemanager: getTransport: Cannot find entry android.hardware.memtrack@1.0::IMemtrack/default in either framework or device manifest.
03-14 13:41:54.738  1637  1637 E memtrack: Couldn't load memtrack module
03-14 13:41:54.738  1637  1637 W android.os.Debug: failed to get memory consumption info: -1
03-14 13:41:54.750  1637  1637 I IntentFirewall: Read new rules (A:0 B:0 S:0)
03-14 13:41:54.754  1637  1637 W zygote  : Failed to remove /acct/uid_0/pid_1070: Device or resource busy
03-14 13:41:54.754  1637  1637 W zygote  : Failed to remove /acct/uid_0/pid_1385: Device or resource busy
03-14 13:41:54.754  1637  1637 W zygote  : Failed to remove /acct/uid_0/pid_1440: Device or resource busy
03-14 13:41:54.754  1637  1637 W zygote  : Failed to remove /acct/uid_0/pid_1442: Device or resource busy
03-14 13:41:54.754  1637  1637 W zygote  : Failed to remove /acct/uid_0/pid_1443: Device or resource busy
03-14 13:41:54.754  1637  1637 W zygote  : Failed to remove /acct/uid_0/pid_1444: Device or resource busy
03-14 13:41:54.754  1637  1637 W zygote  : Failed to remove /acct/uid_0/pid_1448: Device or resource busy
03-14 13:41:54.754  1637  1637 W zygote  : Failed to remove /acct/uid_0/pid_1511: Device or resource busy
03-14 13:41:54.754  1637  1637 W zygote  : Failed to remove /acct/uid_0/pid_1515: Device or resource busy
03-14 13:41:54.754  1637  1637 W zygote  : Failed to remove /acct/uid_0/pid_1521: Device or resource busy
03-14 13:41:54.754  1637  1637 W zygote  : Failed to remove /acct/uid_0/pid_1522: Device or resource busy
03-14 13:41:54.754  1637  1637 W zygote  : Failed to remove /acct/uid_0/pid_1526: Device or resource busy
03-14 13:41:54.754  1637  1637 W zygote  : Failed to remove /acct/uid_0/pid_1611: Device or resource busy
03-14 13:41:54.755  1637  1637 W zygote  : Failed to remove /acct/uid_0/pid_1626: Device or resource busy
03-14 13:41:54.755  1637  1637 W zygote  : Failed to remove /acct/uid_0/pid_1629: Device or resource busy
03-14 13:41:54.755  1637  1637 W zygote  : Failed to remove /acct/uid_0/pid_1631: Device or resource busy
03-14 13:41:54.755  1637  1637 W zygote  : Failed to remove /acct/uid_0: Permission denied
03-14 13:41:54.755  1637  1637 W zygote  : Failed to remove /acct/uid_1000/pid_1375: Device or resource busy
03-14 13:41:54.755  1637  1637 W zygote  : Failed to remove /acct/uid_1000/pid_1376: Device or resource busy
03-14 13:41:54.755  1637  1637 W zygote  : Failed to remove /acct/uid_1000/pid_1378: Device or resource busy
03-14 13:41:54.755  1637  1637 W zygote  : Failed to remove /acct/uid_1000/pid_1384: Device or resource busy
03-14 13:41:54.755  1637  1637 W zygote  : Failed to remove /acct/uid_1000/pid_1426: Device or resource busy
03-14 13:41:54.755  1637  1637 W zygote  : Failed to remove /acct/uid_1000/pid_1430: Device or resource busy
03-14 13:41:54.755  1637  1637 W zygote  : Failed to remove /acct/uid_1000/pid_1433: Device or resource busy
03-14 13:41:54.755  1637  1637 W zygote  : Failed to remove /acct/uid_1000/pid_1435: Device or resource busy
03-14 13:41:54.755  1637  1637 W zygote  : Failed to remove /acct/uid_1000/pid_1436: Device or resource busy
03-14 13:41:54.755  1637  1637 W zygote  : Failed to remove /acct/uid_1000/pid_1437: Device or resource busy
03-14 13:41:54.755  1637  1637 W zygote  : Failed to remove /acct/uid_1000/pid_1438: Device or resource busy
03-14 13:41:54.755  1637  1637 W zygote  : Failed to remove /acct/uid_1000/pid_1447: Device or resource busy
03-14 13:41:54.755  1637  1637 W zygote  : Failed to remove /acct/uid_1000/pid_1527: Device or resource busy
03-14 13:41:54.755  1637  1637 W zygote  : Failed to remove /acct/uid_1000/pid_1529: Device or resource busy
03-14 13:41:54.755  1637  1637 W zygote  : Failed to remove /acct/uid_1000: Permission denied
03-14 13:41:54.755  1637  1637 W zygote  : Failed to remove /acct/uid_1001/pid_1525: Device or resource busy
03-14 13:41:54.755  1637  1637 W zygote  : Failed to remove /acct/uid_1001: Permission denied
03-14 13:41:54.756  1637  1637 W zygote  : Failed to remove /acct/uid_1003/pid_1474: Device or resource busy
03-14 13:41:54.756  1637  1637 W zygote  : Failed to remove /acct/uid_1003: Permission denied
03-14 13:41:54.756  1637  1637 W zygote  : Failed to remove /acct/uid_1010/pid_1439: Device or resource busy
03-14 13:41:54.756  1637  1637 W zygote  : Failed to remove /acct/uid_1010/pid_1523: Device or resource busy
03-14 13:41:54.756  1637  1637 W zygote  : Failed to remove /acct/uid_1010: Permission denied
03-14 13:41:54.756  1637  1637 W zygote  : Failed to remove /acct/uid_1013/pid_1429: Device or resource busy
03-14 13:41:54.756  1637  1637 W zygote  : Failed to remove /acct/uid_1013/pid_1431: Device or resource busy
03-14 13:41:54.756  1637  1637 W zygote  : Failed to remove /acct/uid_1013/pid_1432: Device or resource busy
03-14 13:41:54.756  1637  1637 W zygote  : Failed to remove /acct/uid_1013/pid_1517: Device or resource busy
03-14 13:41:54.756  1637  1637 W zygote  : Failed to remove /acct/uid_1013/pid_1519: Device or resource busy
03-14 13:41:54.756  1637  1637 W zygote  : Failed to remove /acct/uid_1013/pid_1520: Device or resource busy
03-14 13:41:54.756  1637  1637 W zygote  : Failed to remove /acct/uid_1013: Permission denied
03-14 13:41:54.756  1637  1637 W zygote  : Failed to remove /acct/uid_1017/pid_1516: Device or resource busy
03-14 13:41:54.756  1637  1637 W zygote  : Failed to remove /acct/uid_1017: Permission denied
03-14 13:41:54.756  1637  1637 W zygote  : Failed to remove /acct/uid_1019/pid_1514: Device or resource busy
03-14 13:41:54.756  1637  1637 W zygote  : Failed to remove /acct/uid_1019: Permission denied
03-14 13:41:54.756  1637  1637 W zygote  : Failed to remove /acct/uid_1021/pid_1434: Device or resource busy
03-14 13:41:54.756  1637  1637 W zygote  : Failed to remove /acct/uid_1021: Permission denied
03-14 13:41:54.756  1637  1637 W zygote  : Failed to remove /acct/uid_1036/pid_1374: Device or resource busy
03-14 13:41:54.756  1637  1637 W zygote  : Failed to remove /acct/uid_1036/pid_1449: Device or resource busy
03-14 13:41:54.756  1637  1637 W zygote  : Failed to remove /acct/uid_1036: Permission denied
03-14 13:41:54.756  1637  1637 W zygote  : Failed to remove /acct/uid_1040/pid_1518: Device or resource busy
03-14 13:41:54.756  1637  1637 W zygote  : Failed to remove /acct/uid_1040: Permission denied
03-14 13:41:54.756  1637  1637 W zygote  : Failed to remove /acct/uid_1041/pid_1427: Device or resource busy
03-14 13:41:54.756  1637  1637 W zygote  : Failed to remove /acct/uid_1041/pid_1512: Device or resource busy
03-14 13:41:54.756  1637  1637 W zygote  : Failed to remove /acct/uid_1041: Permission denied
03-14 13:41:54.756  1637  1637 W zygote  : Failed to remove /acct/uid_1046/pid_1524: Device or resource busy
03-14 13:41:54.756  1637  1637 W zygote  : Failed to remove /acct/uid_1046: Permission denied
03-14 13:41:54.756  1637  1637 W zygote  : Failed to remove /acct/uid_1047/pid_1428: Device or resource busy
03-14 13:41:54.756  1637  1637 W zygote  : Failed to remove /acct/uid_1047/pid_1513: Device or resource busy
03-14 13:41:54.756  1637  1637 W zygote  : Failed to remove /acct/uid_1047: Permission denied
03-14 13:41:54.756  1637  1637 W zygote  : Failed to remove /acct/uid_1058/pid_1528: Device or resource busy
03-14 13:41:54.756  1637  1637 W zygote  : Failed to remove /acct/uid_1058: Permission denied
03-14 13:41:54.757  1637  1637 D AppOps  : AppOpsService published
03-14 13:41:54.757  1637  1637 I SystemServer: StartPowerManager
03-14 13:41:54.757  1637  1637 I SystemServiceManager: Starting com.android.server.power.PowerManagerService
03-14 13:41:54.762  1637  1637 I libsuspend: Selected wakeup count
03-14 13:41:54.764  1637  1637 I SystemServer: InitPowerManagement
03-14 13:41:54.766  1637  1637 I SystemServer: StartRecoverySystemService
03-14 13:41:54.766  1637  1637 I SystemServiceManager: Starting com.android.server.RecoverySystemService
03-14 13:41:54.771  1637  1637 W RescueParty: Noticed 1 events for UID 0 in last 7 sec
03-14 13:41:54.771  1637  1637 I SystemServer: StartLightsService
03-14 13:41:54.771  1637  1637 I SystemServiceManager: Starting com.android.server.lights.LightsService
03-14 13:41:54.772  1637  1637 I SystemServer: StartDisplayManager
03-14 13:41:54.772  1637  1637 I SystemServiceManager: Starting com.android.server.display.DisplayManagerService
03-14 13:41:54.777  1637  1637 I SystemServer: WaitForDisplay
03-14 13:41:54.777  1637  1637 I SystemServiceManager: Starting phase 100
03-14 13:41:54.778  1447  1504 E SurfaceFlinger: ro.sf.lcd_density must be defined as a build property
03-14 13:41:54.779  1637  1658 E LocalDisplayAdapter: Default and active color mode is no longer available! Reverting to first available mode.
03-14 13:41:54.781  1637  1658 I DisplayManagerService: Display device added: DisplayDeviceInfo{"Built-in Screen": uniqueId="local:0", 1080 x 1920, modeId 1, defaultModeId 1, supportedModes [{id=1, width=1080, height=1920, fps=60.000004}], colorMode -22, supportedColorModes [-22], HdrCapabilities android.view.Display$HdrCapabilities@1d6308, density 480, 480.0 x 480.0 dpi, appVsyncOff 1000000, presDeadline 16666666, touch INTERNAL, rotation 0, type BUILT_IN, state UNKNOWN, FLAG_DEFAULT_DISPLAY, FLAG_ROTATES_WITH_CONTENT, FLAG_SECURE, FLAG_SUPPORTS_PROTECTED_BUFFERS}
03-14 13:41:54.782  1447  1447 D SurfaceFlinger: Set power mode=2, type=0 flinger=0xa78ca000
03-14 13:41:54.782  1376  1376 W /system/bin/hwservicemanager: getTransport: Cannot find entry android.hardware.light@2.0::ILight/default in either framework or device manifest.
03-14 13:41:54.782  1637  1658 E LightsService: Unable to get ILight interface.
03-14 13:41:54.782  1637  1658 I DisplayManagerService: Display device changed state: "Built-in Screen", ON
03-14 13:41:54.782  1637  1637 I SystemServer: StartPackageManagerService
03-14 13:41:54.798  1637  1637 D SELinuxMMAC: Using policy file /system/etc/selinux/plat_mac_permissions.xml
03-14 13:41:54.799  1637  1637 D SELinuxMMAC: Using policy file /vendor/etc/selinux/nonplat_mac_permissions.xml
03-14 13:41:54.864  1637  1637 W PackageManager: Failed to parse /system/framework/oat: Missing base APK in /system/framework/oat
03-14 13:41:54.865  1637  1637 W PackageManager: Failed to parse /system/framework/x86: Missing base APK in /system/framework/x86
03-14 13:41:54.937  1637  1637 W PackageManager: Failed to scan /system/priv-app/Phonesky: Package com.android.vending at /system/priv-app/Phonesky ignored: updated version 82442310 better than this 80806200
03-14 13:41:54.972  1637  1637 W PackageManager: Failed to scan /system/priv-app/PrebuiltGmsCore: Package com.google.android.gms at /system/priv-app/PrebuiltGmsCore ignored: updated version 210214022 better than this 11580470
03-14 13:41:55.028  1637  1637 D PackageManager: No files in app dir /vendor/app
03-14 13:41:55.028  1637  1637 D PackageManager: No files in app dir /oem/app
03-14 13:41:55.030  1637  1637 I PackageManager: Finished scanning system apps. Time: 183 ms, packageCount: 98 , timePerPackage: 1 , cached: 100
03-14 13:41:55.078  1637  1637 D PackageManager: No files in app dir /data/app-private
03-14 13:41:55.078  1637  1637 I PackageManager: Finished scanning non-system apps. Time: 48 ms, packageCount: 6 , timePerPackage: 8 , cached: 6
03-14 13:41:55.084  1637  1637 I PackageManager: Time to scan packages: 0.237 seconds
03-14 13:41:55.085  1637  1637 I PackageManager: Un-granting permission android.permission.INSTALL_GRANT_RUNTIME_PERMISSIONS from package com.android.vending (protectionLevel=770 flags=0x284abec5)
03-14 13:41:55.086  1637  1637 I PackageManager: Un-granting permission android.permission.GRANT_RUNTIME_PERMISSIONS from package com.android.vending (protectionLevel=770 flags=0x284abec5)
03-14 13:41:55.086  1637  1637 I PackageManager: Un-granting permission android.permission.REVOKE_RUNTIME_PERMISSIONS from package com.android.vending (protectionLevel=770 flags=0x284abec5)
03-14 13:41:55.086  1637  1637 I PackageManager: Un-granting permission android.permission.SET_PREFERRED_APPLICATIONS from package com.android.vending (protectionLevel=514 flags=0x284abec5)
03-14 13:41:55.086  1637  1637 I PackageManager: Un-granting permission android.permission.ACCESS_INSTANT_APPS from package com.android.vending (protectionLevel=770 flags=0x284abec5)
03-14 13:41:55.086  1637  1637 I PackageManager: Un-granting permission android.permission.CLEAR_APP_USER_DATA from package com.google.android.packageinstaller (protectionLevel=258 flags=0x38483e45)
03-14 13:41:55.086  1637  1637 I PackageManager: Un-granting permission android.permission.GRANT_RUNTIME_PERMISSIONS from package com.google.android.packageinstaller (protectionLevel=770 flags=0x38483e45)
03-14 13:41:55.086  1637  1637 I PackageManager: Un-granting permission android.permission.REVOKE_RUNTIME_PERMISSIONS from package com.google.android.packageinstaller (protectionLevel=770 flags=0x38483e45)
03-14 13:41:55.086  1637  1637 I PackageManager: Un-granting permission android.permission.INSTALL_GRANT_RUNTIME_PERMISSIONS from package com.google.android.packageinstaller (protectionLevel=770 flags=0x38483e45)
03-14 13:41:55.086  1637  1637 I PackageManager: Un-granting permission android.permission.INTERACT_ACROSS_USERS_FULL from package com.google.android.packageinstaller (protectionLevel=258 flags=0x38483e45)
03-14 13:41:55.086  1637  1637 I PackageManager: Un-granting permission android.permission.KILL_UID from package com.google.android.packageinstaller (protectionLevel=258 flags=0x38483e45)
03-14 13:41:55.086  1637  1637 I PackageManager: Un-granting permission android.permission.MANAGE_APP_OPS_RESTRICTIONS from package com.google.android.packageinstaller (protectionLevel=258 flags=0x38483e45)
03-14 13:41:55.086  1637  1637 I PackageManager: Un-granting permission android.permission.HIDE_NON_SYSTEM_OVERLAY_WINDOWS from package com.google.android.packageinstaller (protectionLevel=258 flags=0x38483e45)
03-14 13:41:55.086  1637  1637 I PackageManager: Un-granting permission android.permission.ACCESS_INSTANT_APPS from package com.google.android.packageinstaller (protectionLevel=770 flags=0x38483e45)
03-14 13:41:55.087  1637  1637 V PackageManager: reconcileAppsData for null u0 0x3 migrateAppData=true
03-14 13:41:55.090  1515  1530 I SELinux : SELinux: Loaded file_contexts
03-14 13:41:55.141  1637  1637 V PackageManager: reconcileAppsData finished 18 packages
03-14 13:41:55.147  1515  1681 W installd: Ignoring /data/data/com.android.defcontainer/lib with unexpected GID 0 instead of 10008
03-14 13:41:55.150  1515  1681 W installd: Ignoring /data/data/com.google.android.inputmethod.latin/lib with unexpected GID 0 instead of 10060
03-14 13:41:55.151  1515  1681 W installd: Ignoring /data/data/com.android.cts.priv.ctsshim/lib with unexpected GID 0 instead of 10007
03-14 13:41:55.156  1515  1681 W installd: Ignoring /data/data/com.google.android.youtube/lib with unexpected GID 0 instead of 10079
03-14 13:41:55.161  1515  1681 W installd: Ignoring /data/data/com.google.android.googlequicksearchbox/lib with unexpected GID 0 instead of 10032
03-14 13:41:55.173  1515  1681 W installd: Ignoring /data/data/com.google.android.apps.messaging/lib with unexpected GID 0 instead of 10068
03-14 13:41:55.178  1515  1681 W installd: Ignoring /data/data/com.android.vending/lib with unexpected GID 0 instead of 10024
03-14 13:41:55.178  1515  1681 W installd: Ignoring /data/data/com.android.pacprocessor/lib with unexpected GID 0 instead of 10064
03-14 13:41:55.182  1515  1681 W installd: Ignoring /data/data/com.android.camera2/lib with unexpected GID 0 instead of 10040
03-14 13:41:55.183  1515  1681 W installd: Ignoring /data/data/com.google.android.apps.inputmethod.hindi/lib with unexpected GID 0 instead of 10056
03-14 13:41:55.190  1515  1681 W installd: Ignoring /data/data/com.google.android.apps.tachyon/lib with unexpected GID 0 instead of 10048
03-14 13:41:55.194  1515  1681 W installd: Ignoring /data/data/com.android.printspooler/lib with unexpected GID 0 instead of 10071
03-14 13:41:55.195  1515  1681 W installd: Ignoring /data/data/com.android.bips/lib with unexpected GID 0 instead of 10036
03-14 13:41:55.196  1515  1681 W installd: Ignoring /data/data/com.google.android.apps.docs/lib with unexpected GID 0 instead of 10050
03-14 13:41:55.197  1515  1681 W installd: Ignoring /data/data/com.google.android.apps.maps/lib with unexpected GID 0 instead of 10061
03-14 13:41:55.201  1515  1681 W installd: Ignoring /data/data/com.android.chrome/lib with unexpected GID 0 instead of 10047
03-14 13:41:55.203  1515  1681 W installd: Ignoring /data/data/com.google.android.gms/lib with unexpected GID 0 instead of 10013
03-14 13:41:55.204  1515  1681 W installd: Ignoring /data/data/com.google.android.gsf/lib with unexpected GID 0 instead of 10013
03-14 13:41:55.205  1515  1681 W installd: Ignoring /data/data/com.google.android.tts/lib with unexpected GID 0 instead of 10057
03-14 13:41:55.209  1515  1681 W installd: Ignoring /data/data/com.google.android.videos/lib with unexpected GID 0 instead of 10074
03-14 13:41:55.211  1515  1681 W installd: Ignoring /data/data/com.breel.geswallpapers/lib with unexpected GID 0 instead of 10075
03-14 13:41:55.214  1515  1681 W installd: Ignoring /data/data/com.google.android.apps.photos/lib with unexpected GID 0 instead of 10069
03-14 13:41:55.219  1515  1681 W installd: Ignoring /data/data/com.google.android.backuptransport/lib with unexpected GID 0 instead of 10013
03-14 13:41:55.221  1515  1681 W installd: Ignoring /data/data/jp.co.omronsoft.openwnn/lib with unexpected GID 0 instead of 10065
03-14 13:41:55.223  1515  1681 W installd: Ignoring /data/data/com.google.android.inputmethod.pinyin/lib with unexpected GID 0 instead of 10058
03-14 13:41:55.238  1637  1637 I zygote  : Explicit concurrent copying GC freed 22911(1163KB) AllocSpace objects, 8(740KB) LOS objects, 42% free, 5MB/9MB, paused 11us total 42.651ms
03-14 13:41:55.240  1515  1681 W installd: Ignoring /data/data/org.wikipedia.alpha/lib with unexpected GID 0 instead of 10083
03-14 13:41:55.242  1637  1637 D FallbackCategoryProvider: Found 387 fallback categories
03-14 13:41:55.242  1515  1681 W installd: Ignoring /data/user_de/0/com.android.defcontainer/lib with unexpected GID 0 instead of 10008
03-14 13:41:55.245  1637  1637 I SystemServer: StartOtaDexOptService
03-14 13:41:55.245  1637  1637 D OTADexopt: No upgrade, skipping A/B artifacts check.
03-14 13:41:55.246  1637  1637 I SystemServer: StartUserManagerService
03-14 13:41:55.246  1637  1637 I SystemServiceManager: Starting com.android.server.pm.UserManagerService$LifeCycle
03-14 13:41:55.246  1637  1637 I SystemServer: InitAttributerCache
03-14 13:41:55.247  1637  1637 I SystemServer: SetSystemProcess
03-14 13:41:55.259  1444  1444 I lowmemorykiller: ActivityManager connected
03-14 13:41:55.261  1637  1637 I SystemServer: StartOverlayManagerService
03-14 13:41:55.264  1637  1637 I SystemServer: StartDropBoxManager
03-14 13:41:55.264  1637  1637 I SystemServiceManager: Starting com.android.server.DropBoxManagerService
03-14 13:41:55.266  1637  1686 D SensorService: nuSensorService starting...
03-14 13:41:55.267  1637  1637 I SystemServer: StartBatteryService
03-14 13:41:55.267  1637  1637 I SystemServiceManager: Starting com.android.server.BatteryService
03-14 13:41:55.270  1637  1686 E SensorService: Reported power 0.000000 not deemed sane, clamping to 0.001000
03-14 13:41:55.274  1637  1686 E         : Reporting Mode incorrect: sensor Goldfish Temperature sensor handle=0x00000004 type=13 actual=0 expected=1
03-14 13:41:55.275  1637  1686 E         : Reporting Mode incorrect: sensor Goldfish Humidity sensor handle=0x00000008 type=12 actual=0 expected=1
03-14 13:41:55.275  1637  1637 I SystemServer: StartUsageService
03-14 13:41:55.278  1637  1637 I SystemServiceManager: Starting com.android.server.usage.UsageStatsService
03-14 13:41:55.279  1637  1654 E BluetoothAdapter: Bluetooth binder is null
03-14 13:41:55.280  1637  1654 E BatteryExternalStatsWorker: no controller energy info supplied for telephony
03-14 13:41:55.281  1637  1689 D SensorService: nuSensorService thread starting...
03-14 13:41:55.281  1637  1654 E KernelUidCpuFreqTimeReader: Failed to read /proc/uid_time_in_state: java.io.FileNotFoundException: /proc/uid_time_in_state (No such file or directory)
03-14 13:41:55.281  1637  1654 E KernelCpuSpeedReader: Failed to read cpu-freq: /sys/devices/system/cpu/cpu0/cpufreq/stats/time_in_state (No such file or directory)
03-14 13:41:55.282  1637  1654 I BatteryStatsImpl: Resetting battery stats: level=100 status=4 dischargeLevel=100 lowAmount=0 highAmount=0
03-14 13:41:55.283  1637  1688 D SensorService: new thread SensorEventAckReceiver
03-14 13:41:55.284  1637  1654 E KernelUidCpuFreqTimeReader: Failed to read /proc/uid_time_in_state: java.io.FileNotFoundException: /proc/uid_time_in_state (No such file or directory)
03-14 13:41:55.284  1637  1654 E KernelCpuSpeedReader: Failed to read cpu-freq: /sys/devices/system/cpu/cpu0/cpufreq/stats/time_in_state (No such file or directory)
03-14 13:41:55.289  1637  1637 I SystemServer: StartWebViewUpdateService
03-14 13:41:55.290  1637  1637 I SystemServiceManager: Starting com.android.server.webkit.WebViewUpdateService
03-14 13:41:55.295  1637  1649 I SystemServer: SecondaryZygotePreload
03-14 13:41:55.295  1637  1637 I SystemServer: StartKeyAttestationApplicationIdProviderService
03-14 13:41:55.298  1637  1637 I SystemServer: StartKeyChainSystemService
03-14 13:41:55.298  1637  1637 I SystemServiceManager: Starting com.android.server.security.KeyChainSystemService
03-14 13:41:55.298  1637  1637 I SystemServer: StartSchedulingPolicyService
03-14 13:41:55.299  1637  1637 I SystemServer: StartTelecomLoaderService
03-14 13:41:55.299  1637  1637 I SystemServiceManager: Starting com.android.server.telecom.TelecomLoaderService
03-14 13:41:55.300  1637  1637 I SystemServer: StartTelephonyRegistry
03-14 13:41:55.306  1637  1649 I Zygote  : Process: zygote socket zygote opened, supported ABIS: x86
03-14 13:41:55.307  1637  1637 I SystemServer: StartEntropyMixer
03-14 13:41:55.317  1637  1649 E SystemServer: Unable to preload default resources
03-14 13:41:55.321  1637  1637 I EntropyMixer: Added HW RNG output to entropy pool
03-14 13:41:55.321  1637  1637 I EntropyMixer: Writing entropy...
03-14 13:41:55.328  1637  1637 I SystemServer: StartAccountManagerService
03-14 13:41:55.330  1637  1637 I SystemServiceManager: Starting com.android.server.accounts.AccountManagerService$Lifecycle
03-14 13:41:55.343  1637  1637 I SystemServer: StartContentService
03-14 13:41:55.345  1637  1637 I SystemServiceManager: Starting com.android.server.content.ContentService$Lifecycle
03-14 13:41:55.347  1637  1637 I SystemServer: InstallSystemProviders
03-14 13:41:55.354  1637  1637 I zygote  : The ClassLoaderContext is a special shared library.
03-14 13:41:55.375  1637  1637 I SystemServer: StartVibratorService
03-14 13:41:55.377  1376  1376 W /system/bin/hwservicemanager: getTransport: Cannot find entry android.hardware.vibrator@1.0::IVibrator/default in either framework or device manifest.
03-14 13:41:55.377  1376  1376 W /system/bin/hwservicemanager: getTransport: Cannot find entry android.hardware.vibrator@1.0::IVibrator/default in either framework or device manifest.
03-14 13:41:55.378  1637  1637 E VibratorService: vibratorOff command failed (1).
03-14 13:41:55.378  1376  1376 W /system/bin/hwservicemanager: getTransport: Cannot find entry android.hardware.vibrator@1.0::IVibrator/default in either framework or device manifest.
03-14 13:41:55.379  1637  1637 I SystemServer: StartConsumerIrService
03-14 13:41:55.379  1376  1376 W /system/bin/hwservicemanager: getTransport: Cannot find entry android.hardware.ir@1.0::IConsumerIr/default in either framework or device manifest.
03-14 13:41:55.380  1637  1637 I SystemServer: StartAlarmManagerService
03-14 13:41:55.380  1637  1637 I SystemServiceManager: Starting com.android.server.AlarmManagerService
03-14 13:41:55.382  1637  1637 W AlarmManagerService: no wall clock RTC found
03-14 13:41:55.382  1637  1637 D AlarmManagerService: Kernel timezone updated to 240 minutes west of GMT
03-14 13:41:55.384  1637  1637 I SystemServer: InitWatchdog
03-14 13:41:55.384  1637  1637 I SystemServer: StartInputManagerService
03-14 13:41:55.387  1637  1637 I InputManager: Initializing input manager, mUseDevInputEventForAudioJack=true
03-14 13:41:55.387  1637  1637 I SystemServer: StartWindowManagerService
03-14 13:41:55.415  1637  1658 I WindowManager: No existing display settings /data/system/display_settings.xml; starting empty
03-14 13:41:55.434  1522  1540 I /system/bin/storaged: storaged: Start
03-14 13:41:55.439  1515  1515 W cutils  : Expected path /data/data/com.google.android.gms with mode 700 but found 751
03-14 13:41:55.440  1515  1515 W cutils  : Expected path /data/user_de/0/com.google.android.gms with mode 700 but found 751
03-14 13:41:55.442  1515  1680 W cutils  : Expected path /data/data/com.google.android.gms with mode 700 but found 751
03-14 13:41:55.442  1515  1680 W cutils  : Expected path /data/user_de/0/com.google.android.gms with mode 700 but found 751
03-14 13:41:55.472  1637  1652 W ShortcutManager: Unable to add bookmark: com.google.android.talk/com.google.android.talk.SigningInActivity
03-14 13:41:55.472  1637  1652 W ShortcutManager: android.content.pm.PackageManager$NameNotFoundException: ComponentInfo{com.google.android.talk/com.google.android.talk.SigningInActivity}
03-14 13:41:55.472  1637  1652 W ShortcutManager: 	at android.app.ApplicationPackageManager.getActivityInfo(ApplicationPackageManager.java:418)
03-14 13:41:55.472  1637  1652 W ShortcutManager: 	at com.android.server.policy.ShortcutManager.loadShortcuts(ShortcutManager.java:142)
03-14 13:41:55.472  1637  1652 W ShortcutManager: 	at com.android.server.policy.ShortcutManager.&lt;init&gt;(ShortcutManager.java:62)
03-14 13:41:55.472  1637  1652 W ShortcutManager: 	at com.android.server.policy.PhoneWindowManager.init(PhoneWindowManager.java:1917)
03-14 13:41:55.472  1637  1652 W ShortcutManager: 	at com.android.server.wm.WindowManagerService$3.run(WindowManagerService.java:1020)
03-14 13:41:55.472  1637  1652 W ShortcutManager: 	at android.os.Handler$BlockingRunnable.run(Handler.java:810)
03-14 13:41:55.472  1637  1652 W ShortcutManager: 	at android.os.Handler.handleCallback(Handler.java:790)
03-14 13:41:55.472  1637  1652 W ShortcutManager: 	at android.os.Handler.dispatchMessage(Handler.java:99)
03-14 13:41:55.472  1637  1652 W ShortcutManager: 	at android.os.Looper.loop(Looper.java:164)
03-14 13:41:55.472  1637  1652 W ShortcutManager: 	at android.os.HandlerThread.run(HandlerThread.java:65)
03-14 13:41:55.472  1637  1652 W ShortcutManager: 	at com.android.server.ServiceThread.run(ServiceThread.java:46)
03-14 13:41:55.472  1637  1652 W ShortcutManager: 	at com.android.server.UiThread.run(UiThread.java:42)
03-14 13:41:55.507  1637  1637 I SystemServer: StartVrManagerService
03-14 13:41:55.507  1637  1637 I SystemServiceManager: Starting com.android.server.vr.VrManagerService
03-14 13:41:55.511  1376  1376 W /system/bin/hwservicemanager: getTransport: Cannot find entry android.hardware.vr@1.0::IVr/default in either framework or device manifest.
03-14 13:41:55.512  1637  1637 W VrManagerService: init_native: Could not open IVr interface
03-14 13:41:55.512  1637  1637 I SystemServer: SetWindowManagerService
03-14 13:41:55.512  1515  1515 D installd: Detected label change from u:object_r:app_data_file:s0 to u:object_r:app_data_file:s0:c512,c768 at /data/data/com.android.calculator2/code_cache; running recursive restorecon
03-14 13:41:55.513  1515  1515 W installd: Mismatched inode value; found 123513 on disk but marked value was 123358; overwriting: Success
03-14 13:41:55.514  1515  1515 D installd: Detected label change from u:object_r:app_data_file:s0 to u:object_r:app_data_file:s0:c512,c768 at /data/user_de/0/com.android.calculator2/cache; running recursive restorecon
03-14 13:41:55.517  1637  1637 I SystemServer: StartInputManager
03-14 13:41:55.517  1637  1637 I InputManager: Starting input manager
03-14 13:41:55.519  1637  1697 E EventHub: could not get driver version for /dev/input/mouse0, Not a typewriter
03-14 13:41:55.520  1637  1637 I SystemServer: DisplayManagerWindowManagerAndInputReady
03-14 13:41:55.520  1637  1637 I SystemServer: No Bluetooth Service (emulator)
03-14 13:41:55.520  1637  1637 I SystemServer: IpConnectivityMetrics
03-14 13:41:55.520  1637  1637 I SystemServiceManager: Starting com.android.server.connectivity.IpConnectivityMetrics
03-14 13:41:55.522  1637  1637 I SystemServer: PinnerService
03-14 13:41:55.522  1637  1637 I SystemServiceManager: Starting com.android.server.PinnerService
03-14 13:41:55.522  1637  1637 I SystemServer: StartInputMethodManagerLifecycle
03-14 13:41:55.522  1637  1637 I SystemServiceManager: Starting com.android.server.InputMethodManagerService$Lifecycle
03-14 13:41:55.524  1515  1680 D installd: Detected label change from u:object_r:app_data_file:s0 to u:object_r:app_data_file:s0:c512,c768 at /data/data/org.wikipedia.alpha/code_cache; running recursive restorecon
03-14 13:41:55.524  1515  1680 W installd: Mismatched inode value; found 123514 on disk but marked value was 123626; overwriting: Success
03-14 13:41:55.524  1515  1680 D installd: Detected label change from u:object_r:app_data_file:s0 to u:object_r:app_data_file:s0:c512,c768 at /data/user_de/0/org.wikipedia.alpha/cache; running recursive restorecon
03-14 13:41:55.533  1637  1637 I SystemServer: StartAccessibilityManagerService
03-14 13:41:55.538  1637  1637 I SystemServer: MakeDisplayReady
03-14 13:41:55.539  1637  1637 I ActivityManager: Config changes=5df8 {1.0 ?mcc?mnc [en_US] ldltr sw360dp w360dp h640dp 480dpi nrml long port ?uimode ?night -touch -keyb/v/h -nav/h appBounds=Rect(0, 0 - 1080, 1920) s.2}
03-14 13:41:55.540  1637  1637 I ActivityManager: Override config changes=40007dfc {1.0 ?mcc?mnc [en_US] ldltr sw360dp w360dp h640dp 480dpi nrml long port ?uimode ?night -touch -keyb/v/h -nav/h appBounds=Rect(0, 0 - 1080, 1920) s.2} for displayId=0
03-14 13:41:55.542  1637  1637 W LocalDisplayAdapter: Unable to find color mode 0, ignoring request.
03-14 13:41:55.545  1637  1682 I PackageManager: Deferred reconcileAppsData finished 86 packages
03-14 13:41:55.550  1637  1637 I ActivityManager: Config changes=500 {1.0 ?mcc?mnc [en_US] ldltr sw360dp w360dp h568dp 480dpi nrml port ?uimode ?night -touch -keyb/v/h -nav/h appBounds=Rect(0, 0 - 1080, 1776) s.3}
03-14 13:41:55.554  1637  1637 I ActivityManager: Override config changes=500 {1.0 ?mcc?mnc [en_US] ldltr sw360dp w360dp h568dp 480dpi nrml port ?uimode ?night -touch -keyb/v/h -nav/h appBounds=Rect(0, 0 - 1080, 1776) s.3} for displayId=0
03-14 13:41:55.558  1637  1637 W LocalDisplayAdapter: Unable to find color mode 0, ignoring request.
03-14 13:41:55.558  1637  1637 I SystemServer: StartStorageManagerService
03-14 13:41:55.559  1637  1637 I SystemServiceManager: Starting com.android.server.StorageManagerService$Lifecycle
03-14 13:41:55.561  1637  1650 I UsageStatsService: User[0] Rollover scheduled @ 2021-03-15 12:47:00(1615826820958)
03-14 13:41:55.569  1637  1637 I SystemServer: StartStorageStatsService
03-14 13:41:55.569  1637  1637 I SystemServiceManager: Starting com.android.server.usage.StorageStatsService$Lifecycle
03-14 13:41:55.570  1637  1698 D StorageManagerService: Thinking about init, mSystemReady=false, mDaemonConnected=true
03-14 13:41:55.570  1637  1698 D StorageManagerService: Thinking about reset, mSystemReady=false, mDaemonConnected=true
03-14 13:41:55.571  1637  1698 D StorageManagerService: Thinking about init, mSystemReady=false, mDaemonConnected=true
03-14 13:41:55.571  1637  1698 D StorageManagerService: Thinking about reset, mSystemReady=false, mDaemonConnected=true
03-14 13:41:55.571  1637  1698 D CryptdConnector: SND -&gt; {1 cryptfs getfield SystemLocale}
03-14 13:41:55.572  1515  1680 D installd: Found quota mount /dev/block/dm-0 at /data
03-14 13:41:55.572  1515  1680 D installd: Found quota mount /dev/block/dm-0 at /data/var/run/netns
03-14 13:41:55.572  1515  1680 D installd: Found quota mount /dev/block/dm-0 at /data
03-14 13:41:55.572  1515  1680 D installd: Found quota mount /dev/block/dm-0 at /data/var/run/netns
03-14 13:41:55.574  1637  1637 I SystemServer: StartUiModeManager
03-14 13:41:55.574  1637  1637 I SystemServiceManager: Starting com.android.server.UiModeManagerService
03-14 13:41:55.576  1637  1649 I ActivityManager: Config changes=200 {1.0 ?mcc?mnc [en_US] ldltr sw360dp w360dp h568dp 480dpi nrml port -touch -keyb/v/h -nav/h appBounds=Rect(0, 0 - 1080, 1776) s.4}
03-14 13:41:55.578  1637  1649 I ActivityManager: Override config changes=200 {1.0 ?mcc?mnc [en_US] ldltr sw360dp w360dp h568dp 480dpi nrml port -touch -keyb/v/h -nav/h appBounds=Rect(0, 0 - 1080, 1776) s.4} for displayId=0
03-14 13:41:55.580  1637  1637 I SystemServer: UpdatePackagesIfNeeded
03-14 13:41:55.580  1637  1637 I SystemServer: PerformFstrimIfNeeded
03-14 13:41:55.581  1637  1637 I SystemServer: StartLockSettingsService
03-14 13:41:55.581  1637  1637 I SystemServiceManager: Starting com.android.server.locksettings.LockSettingsService$Lifecycle
03-14 13:41:55.589  1637  1637 I zygote  : Looking for service android.hardware.oemlock@1.0::IOemLock/default
03-14 13:41:55.589  1376  1376 W /system/bin/hwservicemanager: getTransport: Cannot find entry android.hardware.oemlock@1.0::IOemLock/default in either framework or device manifest.
03-14 13:41:55.589  1637  1637 E zygote  : service android.hardware.oemlock@1.0::IOemLock declares transport method EMPTY but framework expects hwbinder.
03-14 13:41:55.590  1637  1637 I OemLock : OemLock HAL not present on device
03-14 13:41:55.590  1637  1637 I SystemServer: StartDeviceIdleController
03-14 13:41:55.590  1637  1700 D CryptdConnector: RCV &lt;- {200 1 -1}
03-14 13:41:55.591  1637  1698 W StorageManagerService: No primary storage mounted!
03-14 13:41:55.591  1637  1698 D VoldConnector: SND -&gt; {1 asec list}
03-14 13:41:55.591  1637  1637 I SystemServiceManager: Starting com.android.server.DeviceIdleController
03-14 13:41:55.592  1637  1699 D VoldConnector: RCV &lt;- {200 1 asec operation succeeded}
03-14 13:41:55.592  1637  1698 I PackageManager: No secure containers found
03-14 13:41:55.622  1637  1697 I EventHub: wakeMechanism=EPOLLWAKEUP, usingClockIoctl=true
03-14 13:41:55.622  1637  1697 I EventHub: New device: id=1, fd=100, path='/dev/input/event2', name='goldfish_rotary', classes=0x1000, configuration='/system/usr/idc/goldfish_rotary.idc', keyLayout='', keyCharacterMap='', builtinKeyboard=false, 
03-14 13:41:55.622  1637  1697 E EventHub: could not get driver version for /dev/input/mice, Not a typewriter
03-14 13:41:55.628  1637  1698 W StorageManagerService: No primary storage defined yet; hacking together a stub
03-14 13:41:55.628  1637  1637 I SystemServer: StartDevicePolicyManager
03-14 13:41:55.628  1637  1637 I SystemServiceManager: Starting com.android.server.devicepolicy.DevicePolicyManagerService$Lifecycle
03-14 13:41:55.629  1637  1698 W StorageManagerService: No primary storage mounted!
03-14 13:41:55.629  1637  1698 D VoldConnector: SND -&gt; {2 asec list}
03-14 13:41:55.630  1637  1699 D VoldConnector: RCV &lt;- {200 2 asec operation succeeded}
03-14 13:41:55.635  1637  1637 I SystemServer: StartStatusBarManagerService
03-14 13:41:55.636  1637  1637 I SystemServer: StartClipboardService
03-14 13:41:55.636  1637  1637 I SystemServiceManager: Starting com.android.server.clipboard.ClipboardService
03-14 13:41:55.638  1637  1637 I SystemServer: StartNetworkManagementService
03-14 13:41:55.641  1637  1702 I NetworkManagement: onDaemonConnected()
03-14 13:41:55.643  1637  1637 I SystemServer: StartTextServicesManager
03-14 13:41:55.643  1637  1637 I SystemServiceManager: Starting com.android.server.TextServicesManagerService$Lifecycle
03-14 13:41:55.645  1637  1637 W TextServicesManagerService: no available spell checker services found
03-14 13:41:55.645  1637  1637 I SystemServer: StartNetworkScoreService
03-14 13:41:55.646  1637  1637 I SystemServer: StartNetworkStatsService
03-14 13:41:55.650  1637  1637 I SystemServer: StartNetworkPolicyManagerService
03-14 13:41:55.654  1637  1637 I SystemServer: StartWifi
03-14 13:41:55.666  1637  1637 I SystemServiceManager: Starting com.android.server.wifi.WifiService
03-14 13:41:55.628  1637  1698 W StorageManagerService: No primary storage defined yet; hacking together a stub
03-14 13:41:55.697  1637  1637 D WifiApConfigStore: 2G band allowed channels are:1,6,11
03-14 13:41:55.725  1637  1707 E HalDeviceManager: isSupported: called but mServiceManager is null!?
03-14 13:41:55.725  1521  1582 D CommandListener: Clearing all IP addresses on wlan0
03-14 13:41:55.725  1637  1707 I WifiNative-wlan0: Vendor HAL not supported, Ignore stop...
03-14 13:41:55.725  1637  1707 D WificondControl: tearing down interfaces in wificond
03-14 13:41:55.727  1637  1637 D WifiController: isAirplaneModeOn = false, isWifiEnabled = true, isScanningAvailable = false
03-14 13:41:55.728  1637  1637 I WifiService: getVerboseLoggingLevel uid=1000
03-14 13:41:55.728  1637  1637 E SupplicantStaIfaceHal: Can't call setDebugParams, ISupplicant is null
03-14 13:41:55.728  1637  1637 W WifiDiags: Failed to start packet fate monitoring
03-14 13:41:55.728  1637  1637 I WifiService: Registering wifi
03-14 13:41:55.728  1637  1637 I SystemServer: StartWifiScanning
03-14 13:41:55.730  1637  1697 D EventHub: No input device configuration file found for device 'Power Button'.
03-14 13:41:55.731  1637  1637 I SystemServiceManager: Starting com.android.server.wifi.scanner.WifiScanningService
03-14 13:41:55.732  1637  1637 I WifiScanningService: Creating wifiscanner
03-14 13:41:55.734  1637  1637 I WifiScanningService: Publishing wifiscanner
03-14 13:41:55.734  1637  1637 I SystemServer: StartWifiRtt
03-14 13:41:55.735  1637  1637 I SystemServiceManager: Starting com.android.server.wifi.RttService
03-14 13:41:55.735  1637  1637 I RttService: Creating rttmanager
03-14 13:41:55.735  1637  1697 W EventHub: Unable to disable kernel key repeat for /dev/input/event0: Function not implemented
03-14 13:41:55.735  1637  1697 I EventHub: wakeMechanism=EPOLLWAKEUP, usingClockIoctl=true
03-14 13:41:55.735  1637  1697 I EventHub: New device: id=2, fd=114, path='/dev/input/event0', name='Power Button', classes=0x1, configuration='', keyLayout='/system/usr/keylayout/Generic.kl', keyCharacterMap='/system/usr/keychars/Generic.kcm', builtinKeyboard=false, 
03-14 13:41:55.738  1637  1697 W EventHub: Unable to disable kernel key repeat for /dev/input/event1: Function not implemented
03-14 13:41:55.738  1637  1697 I EventHub: wakeMechanism=EPOLLWAKEUP, usingClockIoctl=true
03-14 13:41:55.738  1637  1697 I EventHub: New device: id=3, fd=117, path='/dev/input/event1', name='qwerty2', classes=0x97, configuration='/system/usr/idc/qwerty2.idc', keyLayout='/system/usr/keylayout/qwerty.kl', keyCharacterMap='/system/usr/keychars/qwerty2.kcm', builtinKeyboard=true, 
03-14 13:41:55.741  1637  1697 I InputReader: Device added: id=-1, name='Virtual', sources=0x00000301
03-14 13:41:55.742  1637  1637 I RttService: Starting rttmanager
03-14 13:41:55.743  1637  1637 I SystemServer: No Wi-Fi Aware Service (Aware support Not Present)
03-14 13:41:55.743  1637  1697 I InputReader:   Touch device 'qwerty2' could not query the properties of its associated display.  The device will be inoperable until the display size becomes available.
03-14 13:41:55.743  1637  1637 I SystemServer: StartConnectivityService
03-14 13:41:55.743  1637  1697 I InputReader: Device added: id=0, name='qwerty2', sources=0x80001103
03-14 13:41:55.743  1637  1697 I InputReader: Device added: id=2, name='Power Button', sources=0x00000101
03-14 13:41:55.743  1637  1697 I InputReader: Device added: id=1, name='goldfish_rotary', sources=0x00400000
03-14 13:41:55.743  1637  1697 I InputReader: Reconfiguring input devices.  changes=0x00000004
03-14 13:41:55.744  1637  1697 I InputReader: Device reconfigured: id=0, name='qwerty2', size 1080x1920, orientation 0, mode 1, display id 0
03-14 13:41:55.745  1637  1696 I ActivityManager: Config changes=38 {1.0 ?mcc?mnc [en_US] ldltr sw360dp w360dp h568dp 480dpi nrml port finger qwerty/v/v -nav/h appBounds=Rect(0, 0 - 1080, 1776) s.5}
03-14 13:41:55.746  1637  1696 I ActivityManager: Override config changes=38 {1.0 ?mcc?mnc [en_US] ldltr sw360dp w360dp h568dp 480dpi nrml port finger qwerty/v/v -nav/h appBounds=Rect(0, 0 - 1080, 1776) s.5} for displayId=0
03-14 13:41:55.751  1637  1637 D ConnectivityService: ConnectivityService starting up
03-14 13:41:55.753  1637  1637 D ConnectivityService: wifiOnly=false
03-14 13:41:55.758  1637  1637 I SystemServer: StartNsdService
03-14 13:41:55.759  1637  1637 D NsdService: Network service discovery is enabled
03-14 13:41:55.760  1637  1637 I SystemServer: StartUpdateLockService
03-14 13:41:55.761  1637  1637 I SystemServer: WaitForAsecScan
03-14 13:41:55.761  1637  1637 I SystemServer: StartNotificationManager
03-14 13:41:55.763  1637  1637 I SystemServiceManager: Starting com.android.server.notification.NotificationManagerService
03-14 13:41:55.777  1637  1637 D ConditionProviders.SCP: new ScheduleConditionProvider()
03-14 13:41:55.781  1637  1637 I NotificationListeners: Read notification listener permissions from xml
03-14 13:41:55.781  1637  1637 I ConditionProviders: Read condition provider permissions from xml
03-14 13:41:55.781  1637  1637 I ConditionProviders: Read condition provider permissions from xml
03-14 13:41:55.782  1637  1637 I SystemServer: StartDeviceMonitor
03-14 13:41:55.783  1637  1637 I SystemServiceManager: Starting com.android.server.storage.DeviceStorageMonitorService
03-14 13:41:55.783  1637  1637 I SystemServer: StartLocationManagerService
03-14 13:41:55.785  1637  1637 I SystemServer: StartCountryDetectorService
